BL51 BANKED LINKER/LOCATER V6.22.2.0                                                    06/15/2024  01:13:03  PAGE 1


BL51 BANKED LINKER/LOCATER V6.22.2.0, INVOKED BY:
C:\KEIL_V5\C51\BIN\BL51.EXE ..\..\hex\MAIN.obj, ..\..\hex\RC522.obj, ..\..\hex\5110-51.obj TO ..\..\hex\TEST522 PRINT (.
>> \TEST522.m51) RAMSIZE (256)


MEMORY MODEL: LARGE


INPUT MODULES INCLUDED:
  ..\..\hex\MAIN.obj (MAIN)
  ..\..\hex\RC522.obj (RC522)
  ..\..\hex\5110-51.obj (5110_51)
  C:\KEIL_V5\C51\LIB\C51L.LIB (?C_STARTUP)
  C:\KEIL_V5\C51\LIB\C51L.LIB (?C?CLDOPTR)
  C:\KEIL_V5\C51\LIB\C51L.LIB (?C?CSTPTR)
  C:\KEIL_V5\C51\LIB\C51L.LIB (?C?CSTOPTR)
  C:\KEIL_V5\C51\LIB\C51L.LIB (?C?ISTPTR)
  C:\KEIL_V5\C51\LIB\C51L.LIB (?C_INIT)


LINK MAP OF MODULE:  ..\..\hex\TEST522 (MAIN)


            TYPE    BASE      LENGTH    RELOCATION   SEGMENT NAME
            -----------------------------------------------------

            * * * * * * *   D A T A   M E M O R Y   * * * * * * *
            REG     0000H     0008H     ABSOLUTE     "REG BANK 0"
            IDATA   0008H     0001H     UNIT         ?STACK

            * * * * * * *  X D A T A   M E M O R Y  * * * * * * *
            XDATA   0000H     0057H     UNIT         ?XD?MAIN
            XDATA   0057H     0032H     UNIT         _XDATA_GROUP_
            XDATA   0089H     0018H     UNIT         ?XD?_PCDVALUE?RC522
            XDATA   00A1H     0015H     UNIT         ?XD?_PCDBAKVALUE?RC522
            XDATA   00B6H     0004H     UNIT         ?XD?DISPLAY_CARDDAT?5110_51

            * * * * * * *   C O D E   M E M O R Y   * * * * * * *
            CODE    0000H     0003H     ABSOLUTE     
            CODE    0003H     0020H     UNIT         ?PR?_DELAYMS?5110_51
            CODE    0023H     0003H     ABSOLUTE     
            CODE    0026H     0360H     UNIT         ?CO?5110_51
            CODE    0386H     021EH     UNIT         ?PR?_PCDCOMMF522?RC522
            CODE    05A4H     0218H     UNIT         ?PR?MAIN?MAIN
            CODE    07BCH     0150H     UNIT         ?PR?_PCDBAKVALUE?RC522
            CODE    090CH     0112H     UNIT         ?PR?_PCDWRITE?RC522
            CODE    0A1EH     00E5H     UNIT         ?PR?_PCDVALUE?RC522
            CODE    0B03H     00C7H     UNIT         ?PR?_PCDANTICOLL?RC522
            CODE    0BCAH     00BAH     UNIT         ?PR?_PCDSELECT?RC522
            CODE    0C84H     00BAH     UNIT         ?PR?_PCDAUTHSTATE?RC522
            CODE    0D3EH     00B4H     UNIT         ?PR?_CALULATECRC?RC522
            CODE    0DF2H     0097H     UNIT         ?PR?_PCDREAD?RC522
            CODE    0E89H     008CH     UNIT         ?C_C51STARTUP
            CODE    0F15H     008BH     UNIT         ?PR?_PCDREQUEST?RC522
            CODE    0FA0H     0089H     UNIT         ?PR?DISPLAY_CARDNUM?5110_51
            CODE    1029H     0080H     UNIT         ?C?LIB_CODE
            CODE    10A9H     007EH     UNIT         ?PR?DISPLAY_CARDDAT?5110_51
            CODE    1127H     0065H     UNIT         ?PR?_LCD_WRITE_HANZI?5110_51
BL51 BANKED LINKER/LOCATER V6.22.2.0                                                  06/15/2024  01:13:03  PAGE 2


            CODE    118CH     005DH     UNIT         ?PR?DISPLAY_TYPE?5110_51
            CODE    11E9H     005CH     UNIT         ?PR?_READRAWRC?RC522
            CODE    1245H     005BH     UNIT         ?PR?_WRITERAWRC?RC522
            CODE    12A0H     0056H     UNIT         ?PR?UART_R?MAIN
            CODE    12F6H     0052H     UNIT         ?PR?PCDHALT?RC522
            CODE    1348H     004DH     UNIT         ?PR?_LCD_WRITE_BYTE?5110_51
            CODE    1395H     004AH     UNIT         ?C_INITSEG
            CODE    13DFH     003EH     UNIT         ?PR?PCDRESET?RC522
            CODE    141DH     003DH     UNIT         ?PR?_LCD_WRITE_SHU?5110_51
            CODE    145AH     002FH     UNIT         ?PR?INITIALIZESYSTEM?MAIN
            CODE    1489H     002CH     UNIT         ?PR?LCD_CLEAR?5110_51
            CODE    14B5H     0021H     UNIT         ?PR?LCD_INIT?5110_51
            CODE    14D6H     001EH     UNIT         ?PR?_DELAY1?MAIN
            CODE    14F4H     001CH     UNIT         ?PR?_LCD_SET_XY?5110_51
            CODE    1510H     0013H     UNIT         ?PR?_NIBBLE_TO_ASCII?MAIN
            CODE    1523H     0013H     UNIT         ?PR?_CLEARBITMASK?RC522
            CODE    1536H     0012H     UNIT         ?PR?PCDANTENNAON?RC522
            CODE    1548H     000DH     UNIT         ?PR?_SETBITMASK?RC522
            CODE    1555H     000CH     UNIT         ?PR?_UART_SENDBYTE?MAIN
            CODE    1561H     0007H     UNIT         ?PR?PCDANTENNAOFF?RC522
            CODE    1568H     0006H     UNIT         ?CO?MAIN



OVERLAY MAP OF MODULE:   ..\..\hex\TEST522 (MAIN)


SEGMENT                                XDATA_GROUP
  +--> CALLED SEGMENT                START    LENGTH
----------------------------------------------------
?C_C51STARTUP                        -----    -----
  +--> ?PR?MAIN?MAIN
  +--> ?C_INITSEG

?PR?MAIN?MAIN                        0057H    0004H
  +--> ?PR?LCD_INIT?5110_51
  +--> ?PR?LCD_CLEAR?5110_51
  +--> ?PR?INITIALIZESYSTEM?MAIN
  +--> ?PR?PCDRESET?RC522
  +--> ?PR?PCDANTENNAOFF?RC522
  +--> ?PR?PCDANTENNAON?RC522
  +--> ?PR?_PCDREQUEST?RC522
  +--> ?PR?_PCDANTICOLL?RC522
  +--> ?PR?_NIBBLE_TO_ASCII?MAIN
  +--> ?PR?_UART_SENDBYTE?MAIN
  +--> ?PR?_PCDSELECT?RC522
  +--> ?CO?MAIN
  +--> ?PR?_PCDAUTHSTATE?RC522
  +--> ?PR?_PCDWRITE?RC522
  +--> ?PR?_PCDREAD?RC522
  +--> ?PR?PCDHALT?RC522

?PR?LCD_INIT?5110_51                 -----    -----
  +--> ?PR?_DELAYMS?5110_51
  +--> ?PR?_LCD_WRITE_BYTE?5110_51

?PR?_LCD_WRITE_BYTE?5110_51          -----    -----
BL51 BANKED LINKER/LOCATER V6.22.2.0                                                  06/15/2024  01:13:03  PAGE 3


  +--> ?CO?5110_51

?PR?LCD_CLEAR?5110_51                -----    -----
  +--> ?PR?_LCD_SET_XY?5110_51
  +--> ?PR?_LCD_WRITE_BYTE?5110_51

?PR?_LCD_SET_XY?5110_51              -----    -----
  +--> ?PR?_LCD_WRITE_BYTE?5110_51

?PR?PCDRESET?RC522                   -----    -----
  +--> ?PR?_WRITERAWRC?RC522

?PR?PCDANTENNAOFF?RC522              -----    -----
  +--> ?PR?_CLEARBITMASK?RC522

?PR?_CLEARBITMASK?RC522              -----    -----
  +--> ?PR?_READRAWRC?RC522
  +--> ?PR?_WRITERAWRC?RC522

?PR?PCDANTENNAON?RC522               -----    -----
  +--> ?PR?_READRAWRC?RC522
  +--> ?PR?_SETBITMASK?RC522

?PR?_SETBITMASK?RC522                -----    -----
  +--> ?PR?_READRAWRC?RC522
  +--> ?PR?_WRITERAWRC?RC522

?PR?_PCDREQUEST?RC522                005BH    0018H
  +--> ?PR?_CLEARBITMASK?RC522
  +--> ?PR?_WRITERAWRC?RC522
  +--> ?PR?_SETBITMASK?RC522
  +--> ?PR?_PCDCOMMF522?RC522

?PR?_PCDCOMMF522?RC522               0078H    0011H
  +--> ?PR?_WRITERAWRC?RC522
  +--> ?PR?_CLEARBITMASK?RC522
  +--> ?PR?_SETBITMASK?RC522
  +--> ?PR?_READRAWRC?RC522

?PR?_PCDANTICOLL?RC522               005BH    0019H
  +--> ?PR?_CLEARBITMASK?RC522
  +--> ?PR?_WRITERAWRC?RC522
  +--> ?PR?_PCDCOMMF522?RC522
  +--> ?PR?_SETBITMASK?RC522

?PR?_PCDSELECT?RC522                 005BH    0017H
  +--> ?PR?_CALULATECRC?RC522
  +--> ?PR?_CLEARBITMASK?RC522
  +--> ?PR?_PCDCOMMF522?RC522

?PR?_CALULATECRC?RC522               0072H    0008H
  +--> ?PR?_CLEARBITMASK?RC522
  +--> ?PR?_WRITERAWRC?RC522
  +--> ?PR?_SETBITMASK?RC522
  +--> ?PR?_READRAWRC?RC522

?PR?_PCDAUTHSTATE?RC522              005BH    001DH
BL51 BANKED LINKER/LOCATER V6.22.2.0                                                  06/15/2024  01:13:03  PAGE 4


  +--> ?PR?_PCDCOMMF522?RC522
  +--> ?PR?_READRAWRC?RC522

?PR?_PCDWRITE?RC522                  005BH    0017H
  +--> ?PR?_CALULATECRC?RC522
  +--> ?PR?_PCDCOMMF522?RC522

?PR?_PCDREAD?RC522                   005BH    0017H
  +--> ?PR?_CALULATECRC?RC522
  +--> ?PR?_PCDCOMMF522?RC522

?PR?PCDHALT?RC522                    005BH    0015H
  +--> ?PR?_CALULATECRC?RC522
  +--> ?PR?_PCDCOMMF522?RC522



SYMBOL TABLE OF MODULE:  ..\..\hex\TEST522 (MAIN)

  VALUE           TYPE          NAME
  ----------------------------------

  -------         MODULE        MAIN
  C:0000H         SYMBOL        _ICE_DUMMY_
  D:0084H         PUBLIC        P0M1
  X:0000H         PUBLIC        Char
  D:0091H         PUBLIC        P1M1
  D:0085H         PUBLIC        P0M2
  D:0080H         PUBLIC        P0
  D:0092H         PUBLIC        P1M2
  D:0090H         PUBLIC        P1
  C:1559H         PUBLIC        _UART_sendbyte
  D:00B1H         PUBLIC        P3M1
  D:00A0H         PUBLIC        P2
  D:00B2H         PUBLIC        P3M2
  D:00B0H         PUBLIC        P3
  B:00A8H.7       PUBLIC        EA
  D:00A8H         PUBLIC        IE
  X:0001H         PUBLIC        data_index
  B:00A8H.4       PUBLIC        ES
  D:00B8H         PUBLIC        IP
  B:0098H.0       PUBLIC        RI
  X:0002H         PUBLIC        flag
  B:0098H.1       PUBLIC        TI
  C:1510H         PUBLIC        _nibble_to_ascii
  C:145AH         PUBLIC        InitializeSystem
  C:05A4H         PUBLIC        main
  D:0099H         PUBLIC        SBUF
  D:0098H         PUBLIC        SCON
  D:0089H         PUBLIC        TMOD
  D:0088H         PUBLIC        TCON
  C:14D6H         PUBLIC        _delay1
  X:0003H         PUBLIC        received_data
  X:0013H         PUBLIC        card_id
  D:008DH         PUBLIC        TH1
  D:008BH         PUBLIC        TL1
  B:0088H.6       PUBLIC        TR1
BL51 BANKED LINKER/LOCATER V6.22.2.0                                                  06/15/2024  01:13:03  PAGE 5


  X:0023H         PUBLIC        is_read_data
  X:0024H         PUBLIC        is_card_read
  D:00D8H         PUBLIC        I2CON
  X:0025H         PUBLIC        run_mode
  D:00C8H         PUBLIC        T2CON
  X:0026H         PUBLIC        i
  X:0027H         PUBLIC        write_ok
  C:12A0H         PUBLIC        UART_R
  C:1568H         PUBLIC        DefaultKey
  X:0037H         PUBLIC        response_array
  X:0047H         PUBLIC        g_ucTempbuf
  D:00D0H         PUBLIC        PSW
  -------         PROC          _DELAY1
  D:0006H         SYMBOL        z
  -------         DO            
  D:0006H         SYMBOL        x
  D:0004H         SYMBOL        y
  -------         ENDDO         
  C:14D6H         LINE#         42
  C:14D6H         LINE#         44
  C:14DFH         LINE#         45
  C:14F3H         LINE#         46
  -------         ENDPROC       _DELAY1
  C:1555H         SYMBOL        L?0053
  -------         PROC          L?0052
  -------         ENDPROC       L?0052
  C:1555H         SYMBOL        L?0053
  -------         PROC          _UART_SENDBYTE
  D:0007H         SYMBOL        Byte
  C:1559H         LINE#         49
  C:1559H         LINE#         50
  C:155BH         LINE#         51
  C:155EH         LINE#         52
  C:1560H         LINE#         53
  -------         ENDPROC       _UART_SENDBYTE
  -------         PROC          _NIBBLE_TO_ASCII
  D:0007H         SYMBOL        nibble
  C:1510H         LINE#         56
  C:1510H         LINE#         57
  C:151BH         LINE#         58
  C:151FH         LINE#         59
  C:151FH         LINE#         60
  C:1522H         LINE#         61
  C:1522H         LINE#         62
  -------         ENDPROC       _NIBBLE_TO_ASCII
  -------         PROC          MAIN
  -------         DO            
  D:0005H         SYMBOL        status
  X:0057H         SYMBOL        temp
  -------         DO            
  X:0059H         SYMBOL        high_nibble
  X:005AH         SYMBOL        low_nibble
  -------         ENDDO         
  -------         ENDDO         
  C:05A4H         LINE#         66
  C:05A4H         LINE#         70
  C:05A7H         LINE#         71
BL51 BANKED LINKER/LOCATER V6.22.2.0                                                  06/15/2024  01:13:03  PAGE 6


  C:05AAH         LINE#         73
  C:05ADH         LINE#         74
  C:05B0H         LINE#         75
  C:05B3H         LINE#         76
  C:05B6H         LINE#         78
  C:05B6H         LINE#         80
  C:05C3H         LINE#         81
  C:05C6H         LINE#         82
  C:05C6H         LINE#         83
  C:05C6H         LINE#         84
  C:05C6H         LINE#         89
  C:05D1H         LINE#         90
  C:05D4H         LINE#         91
  C:05D4H         LINE#         92
  C:05D4H         LINE#         93
  C:05D4H         LINE#         97
  C:05E5H         LINE#         98
  C:05E5H         LINE#         99
  C:0603H         LINE#         100
  C:0623H         LINE#         102
  C:062BH         LINE#         104
  C:063EH         LINE#         105
  C:0652H         LINE#         106
  C:0657H         LINE#         108
  C:066BH         LINE#         109
  C:0684H         LINE#         110
  C:068CH         LINE#         113
  C:069FH         LINE#         114
  C:06AAH         LINE#         115
  C:06B2H         LINE#         117
  C:06BDH         LINE#         118
  C:06C3H         LINE#         119
  C:06C3H         LINE#         120
  C:06C3H         LINE#         121
  C:06C3H         LINE#         123
  C:06DFH         LINE#         124
  C:06E5H         LINE#         125
  C:06E5H         LINE#         126
  C:06E5H         LINE#         127
  C:06E5H         LINE#         132
  C:06F0H         LINE#         133
  C:0701H         LINE#         134
  C:071AH         LINE#         135
  C:0736H         LINE#         136
  C:073EH         LINE#         137
  C:074BH         LINE#         138
  C:0751H         LINE#         139
  C:0751H         LINE#         140
  C:0751H         LINE#         142
  C:0763H         LINE#         143
  C:076EH         LINE#         144
  C:0776H         LINE#         146
  C:0776H         LINE#         148
  C:077EH         LINE#         149
  C:078BH         LINE#         150
  C:0791H         LINE#         152
  C:0791H         LINE#         153
BL51 BANKED LINKER/LOCATER V6.22.2.0                                                  06/15/2024  01:13:03  PAGE 7


  C:0791H         LINE#         154
  C:07A3H         LINE#         155
  C:07AEH         LINE#         156
  C:07B6H         LINE#         158
  C:07B6H         LINE#         172
  C:07B9H         LINE#         173
  -------         ENDPROC       MAIN
  -------         PROC          INITIALIZESYSTEM
  C:145AH         LINE#         177
  C:145AH         LINE#         179
  C:145FH         LINE#         180
  C:1463H         LINE#         181
  C:1468H         LINE#         182
  C:1474H         LINE#         185
  C:1477H         LINE#         188
  C:147AH         LINE#         191
  C:147DH         LINE#         192
  C:1480H         LINE#         195
  C:1482H         LINE#         198
  C:1484H         LINE#         199
  C:1486H         LINE#         202
  C:1488H         LINE#         226
  -------         ENDPROC       INITIALIZESYSTEM
  -------         PROC          UART_R
  C:12A0H         LINE#         229
  C:12AFH         LINE#         230
  C:12B2H         LINE#         231
  C:12B8H         LINE#         233
  C:12BAH         LINE#         234
  C:12BFH         LINE#         235
  C:12C5H         LINE#         237
  C:12CAH         LINE#         238
  C:12CCH         LINE#         239
  C:12D9H         LINE#         240
  C:12E9H         LINE#         241
  C:12E9H         LINE#         242
  C:12E9H         LINE#         243
  C:12E9H         LINE#         244
  -------         ENDPROC       UART_R
  -------         ENDMOD        MAIN

  -------         MODULE        RC522
  C:0000H         SYMBOL        _ICE_DUMMY_
  C:1561H         PUBLIC        PcdAntennaOff
  D:0090H         PUBLIC        P1
  D:00A0H         PUBLIC        P2
  B:0090H.3       PUBLIC        MF522_NSS
  D:00B0H         PUBLIC        P3
  C:0F15H         PUBLIC        _PcdRequest
  B:0090H.7       PUBLIC        MF522_RST
  C:0D55H         PUBLIC        _CalulateCRC
  D:00A8H         PUBLIC        IE
  C:0DF2H         PUBLIC        _PcdRead
  C:0A1EH         PUBLIC        _PcdValue
  D:00B8H         PUBLIC        IP
  C:1528H         PUBLIC        _ClearBitMask
  C:13DFH         PUBLIC        PcdReset
BL51 BANKED LINKER/LOCATER V6.22.2.0                                                  06/15/2024  01:13:03  PAGE 8


  C:1536H         PUBLIC        PcdAntennaOn
  C:12F6H         PUBLIC        PcdHalt
  C:090CH         PUBLIC        _PcdWrite
  C:07BCH         PUBLIC        _PcdBakValue
  B:0090H.5       PUBLIC        MF522_SI
  B:0090H.6       PUBLIC        MF522_SO
  C:0C84H         PUBLIC        _PcdAuthState
  D:0098H         PUBLIC        SCON
  D:0088H         PUBLIC        TCON
  C:11EFH         PUBLIC        _ReadRawRC
  C:1249H         PUBLIC        _WriteRawRC
  C:0B03H         PUBLIC        _PcdAnticoll
  D:00D8H         PUBLIC        I2CON
  C:1548H         PUBLIC        _SetBitMask
  C:03ACH         PUBLIC        _PcdComMF522
  D:00C8H         PUBLIC        T2CON
  B:0090H.4       PUBLIC        MF522_SCK
  D:00D0H         PUBLIC        PSW
  C:0BCAH         PUBLIC        _PcdSelect
  -------         PROC          _PCDREQUEST
  X:005BH         SYMBOL        req_code
  X:005CH         SYMBOL        pTagType
  -------         DO            
  D:0007H         SYMBOL        status
  X:005FH         SYMBOL        unLen
  X:0061H         SYMBOL        ucComMF522Buf
  -------         ENDDO         
  C:0F15H         LINE#         24
  C:0F22H         LINE#         25
  C:0F22H         LINE#         30
  C:0F25H         LINE#         31
  C:0F2CH         LINE#         32
  C:0F33H         LINE#         34
  C:0F3BH         LINE#         36
  C:0F5EH         LINE#         38
  C:0F72H         LINE#         39
  C:0F72H         LINE#         40
  C:0F86H         LINE#         41
  C:0F9DH         LINE#         42
  C:0F9DH         LINE#         44
  C:0F9FH         LINE#         48
  C:0F9FH         LINE#         50
  C:0F9FH         LINE#         51
  -------         ENDPROC       _PCDREQUEST
  -------         PROC          _PCDANTICOLL
  X:005BH         SYMBOL        pSnr
  -------         DO            
  X:005EH         SYMBOL        status
  D:0005H         SYMBOL        i
  X:005FH         SYMBOL        snr_check
  X:0060H         SYMBOL        unLen
  X:0062H         SYMBOL        ucComMF522Buf
  -------         ENDDO         
  C:0B03H         LINE#         58
  C:0B0EH         LINE#         59
  C:0B0EH         LINE#         61
  C:0B12H         LINE#         66
BL51 BANKED LINKER/LOCATER V6.22.2.0                                                  06/15/2024  01:13:03  PAGE 9


  C:0B15H         LINE#         67
  C:0B1CH         LINE#         68
  C:0B23H         LINE#         70
  C:0B29H         LINE#         71
  C:0B2DH         LINE#         73
  C:0B59H         LINE#         75
  C:0B5FH         LINE#         76
  C:0B5FH         LINE#         77
  C:0B6AH         LINE#         78
  C:0B6AH         LINE#         79
  C:0B8AH         LINE#         80
  C:0BA1H         LINE#         82
  C:0BA4H         LINE#         83
  C:0BB7H         LINE#         84
  C:0BBDH         LINE#         85
  C:0BBDH         LINE#         87
  C:0BC4H         LINE#         88
  C:0BC9H         LINE#         89
  -------         ENDPROC       _PCDANTICOLL
  -------         PROC          _PCDSELECT
  X:005BH         SYMBOL        pSnr
  -------         DO            
  D:0007H         SYMBOL        status
  D:0005H         SYMBOL        i
  X:005EH         SYMBOL        unLen
  X:0060H         SYMBOL        ucComMF522Buf
  -------         ENDDO         
  C:0BCAH         LINE#         96
  C:0BD5H         LINE#         97
  C:0BD5H         LINE#         103
  C:0BDBH         LINE#         104
  C:0BDFH         LINE#         105
  C:0BE4H         LINE#         106
  C:0BEFH         LINE#         107
  C:0BEFH         LINE#         108
  C:0C0FH         LINE#         109
  C:0C23H         LINE#         110
  C:0C26H         LINE#         111
  C:0C3FH         LINE#         113
  C:0C42H         LINE#         115
  C:0C6BH         LINE#         117
  C:0C7FH         LINE#         118
  C:0C81H         LINE#         120
  C:0C83H         LINE#         122
  C:0C83H         LINE#         123
  -------         ENDPROC       _PCDSELECT
  -------         PROC          _PCDAUTHSTATE
  D:0007H         SYMBOL        auth_mode
  D:0005H         SYMBOL        addr
  X:005DH         SYMBOL        pKey
  X:0060H         SYMBOL        pSnr
  -------         DO            
  X:0063H         SYMBOL        status
  X:0064H         SYMBOL        unLen
  D:0007H         SYMBOL        i
  X:0066H         SYMBOL        ucComMF522Buf
  -------         ENDDO         
BL51 BANKED LINKER/LOCATER V6.22.2.0                                                  06/15/2024  01:13:03  PAGE 10


  C:0C84H         LINE#         135
  C:0C8FH         LINE#         136
  C:0C8FH         LINE#         141
  C:0C94H         LINE#         142
  C:0C97H         LINE#         143
  C:0CA3H         LINE#         144
  C:0CC6H         LINE#         145
  C:0CD2H         LINE#         146
  C:0CF5H         LINE#         150
  C:0D23H         LINE#         151
  C:0D32H         LINE#         152
  C:0D38H         LINE#         154
  C:0D3DH         LINE#         155
  -------         ENDPROC       _PCDAUTHSTATE
  -------         PROC          _PCDREAD
  D:0007H         SYMBOL        addr
  X:005BH         SYMBOL        pData
  -------         DO            
  D:0007H         SYMBOL        status
  X:005EH         SYMBOL        unLen
  D:0006H         SYMBOL        i
  X:0060H         SYMBOL        ucComMF522Buf
  -------         ENDDO         
  C:0DF2H         LINE#         163
  C:0DFDH         LINE#         164
  C:0DFDH         LINE#         169
  C:0E03H         LINE#         170
  C:0E06H         LINE#         171
  C:0E1BH         LINE#         173
  C:0E44H         LINE#         174
  C:0E58H         LINE#         176
  C:0E58H         LINE#         177
  C:0E63H         LINE#         178
  C:0E86H         LINE#         179
  C:0E86H         LINE#         181
  C:0E88H         LINE#         183
  C:0E88H         LINE#         184
  -------         ENDPROC       _PCDREAD
  -------         PROC          _PCDWRITE
  D:0007H         SYMBOL        addr
  X:005BH         SYMBOL        pData
  -------         DO            
  D:0007H         SYMBOL        status
  X:005EH         SYMBOL        unLen
  D:0006H         SYMBOL        i
  X:0060H         SYMBOL        ucComMF522Buf
  -------         ENDDO         
  C:090CH         LINE#         192
  C:0917H         LINE#         193
  C:0917H         LINE#         198
  C:091DH         LINE#         199
  C:0920H         LINE#         200
  C:0939H         LINE#         202
  C:0962H         LINE#         204
  C:0980H         LINE#         205
  C:0982H         LINE#         207
  C:098DH         LINE#         208
BL51 BANKED LINKER/LOCATER V6.22.2.0                                                  06/15/2024  01:13:03  PAGE 11


  C:098DH         LINE#         210
  C:0998H         LINE#         211
  C:09BBH         LINE#         212
  C:09D4H         LINE#         214
  C:09FDH         LINE#         215
  C:0A1BH         LINE#         216
  C:0A1DH         LINE#         217
  C:0A1DH         LINE#         219
  C:0A1DH         LINE#         220
  -------         ENDPROC       _PCDWRITE
  -------         PROC          _PCDVALUE
  D:0007H         SYMBOL        dd_mode
  X:0089H         SYMBOL        addr
  X:008AH         SYMBOL        pValue
  -------         DO            
  D:0007H         SYMBOL        status
  X:008DH         SYMBOL        unLen
  D:0006H         SYMBOL        i
  X:008FH         SYMBOL        ucComMF522Buf
  -------         ENDDO         
  C:0A1EH         LINE#         231
  C:0A2EH         LINE#         232
  C:0A2EH         LINE#         237
  C:0A33H         LINE#         238
  C:0A35H         LINE#         239
  C:0A38H         LINE#         241
  C:0A3BH         LINE#         243
  C:0A59H         LINE#         244
  C:0A5BH         LINE#         246
  C:0A63H         LINE#         247
  C:0A63H         LINE#         249
  C:0A6EH         LINE#         250
  C:0A91H         LINE#         251
  C:0AAAH         LINE#         252
  C:0AB1H         LINE#         253
  C:0AB6H         LINE#         254
  C:0AC5H         LINE#         255
  C:0AC7H         LINE#         256
  C:0AC7H         LINE#         258
  C:0ACFH         LINE#         259
  C:0ACFH         LINE#         260
  C:0AD5H         LINE#         261
  C:0ADCH         LINE#         262
  C:0ADFH         LINE#         264
  C:0AE2H         LINE#         266
  C:0B00H         LINE#         267
  C:0B02H         LINE#         268
  C:0B02H         LINE#         269
  C:0B02H         LINE#         270
  -------         ENDPROC       _PCDVALUE
  -------         PROC          _PCDBAKVALUE
  D:0007H         SYMBOL        sourceaddr
  X:00A1H         SYMBOL        goaladdr
  -------         DO            
  D:0007H         SYMBOL        status
  X:00A2H         SYMBOL        unLen
  X:00A4H         SYMBOL        ucComMF522Buf
BL51 BANKED LINKER/LOCATER V6.22.2.0                                                  06/15/2024  01:13:03  PAGE 12


  -------         ENDDO         
  C:07BCH         LINE#         278
  C:07C1H         LINE#         279
  C:07C1H         LINE#         284
  C:07C7H         LINE#         285
  C:07CAH         LINE#         286
  C:07E3H         LINE#         288
  C:080CH         LINE#         290
  C:082AH         LINE#         291
  C:082CH         LINE#         293
  C:0834H         LINE#         294
  C:0834H         LINE#         295
  C:0838H         LINE#         296
  C:083AH         LINE#         297
  C:083CH         LINE#         298
  C:083EH         LINE#         299
  C:0856H         LINE#         301
  C:087FH         LINE#         302
  C:088EH         LINE#         303
  C:0890H         LINE#         304
  C:0890H         LINE#         306
  C:0898H         LINE#         307
  C:089BH         LINE#         309
  C:08A1H         LINE#         310
  C:08A9H         LINE#         312
  C:08C2H         LINE#         314
  C:08EBH         LINE#         316
  C:0909H         LINE#         317
  C:090BH         LINE#         319
  C:090BH         LINE#         320
  -------         ENDPROC       _PCDBAKVALUE
  -------         PROC          PCDHALT
  -------         DO            
  X:005BH         SYMBOL        status
  X:005CH         SYMBOL        unLen
  X:005EH         SYMBOL        ucComMF522Buf
  -------         ENDDO         
  C:12F6H         LINE#         327
  C:12F6H         LINE#         328
  C:12F6H         LINE#         333
  C:12FCH         LINE#         334
  C:12FFH         LINE#         335
  C:1317H         LINE#         337
  C:1345H         LINE#         339
  C:1347H         LINE#         340
  -------         ENDPROC       PCDHALT
  C:0D51H         SYMBOL        L?0140
  -------         PROC          L?0139
  -------         ENDPROC       L?0139
  C:0D51H         SYMBOL        L?0140
  -------         PROC          _CALULATECRC
  X:0072H         SYMBOL        pIndata
  X:0075H         SYMBOL        len
  X:0076H         SYMBOL        pOutData
  -------         DO            
  X:0079H         SYMBOL        i
  D:0007H         SYMBOL        n
BL51 BANKED LINKER/LOCATER V6.22.2.0                                                  06/15/2024  01:13:03  PAGE 13


  -------         ENDDO         
  C:0D55H         LINE#         345
  C:0D63H         LINE#         346
  C:0D63H         LINE#         348
  C:0D6AH         LINE#         349
  C:0D6DH         LINE#         350
  C:0D74H         LINE#         351
  C:0D87H         LINE#         352
  C:0DA8H         LINE#         353
  C:0DAFH         LINE#         354
  C:0DB5H         LINE#         356
  C:0DB5H         LINE#         357
  C:0DBAH         LINE#         358
  C:0DC0H         LINE#         359
  C:0DC0H         LINE#         360
  C:0DC7H         LINE#         361
  C:0DDBH         LINE#         362
  -------         ENDPROC       _CALULATECRC
  -------         PROC          PCDRESET
  C:13DFH         LINE#         369
  C:13DFH         LINE#         370
  C:13DFH         LINE#         372
  C:13E1H         LINE#         374
  C:13E2H         LINE#         376
  C:13E4H         LINE#         378
  C:13E5H         LINE#         380
  C:13E7H         LINE#         382
  C:13E8H         LINE#         384
  C:13EFH         LINE#         386
  C:13F0H         LINE#         389
  C:13F7H         LINE#         390
  C:13FEH         LINE#         391
  C:1405H         LINE#         392
  C:140CH         LINE#         393
  C:1413H         LINE#         394
  C:141AH         LINE#         395
  C:141CH         LINE#         396
  -------         ENDPROC       PCDRESET
  -------         PROC          L?0145
  -------         ENDPROC       L?0145
  -------         PROC          _READRAWRC
  D:0007H         SYMBOL        Address
  -------         DO            
  D:0005H         SYMBOL        i
  D:0007H         SYMBOL        ucAddr
  D:0006H         SYMBOL        ucResult
  -------         ENDDO         
  C:11EFH         LINE#         403
  C:11EFH         LINE#         404
  C:11EFH         LINE#         406
  C:11F1H         LINE#         408
  C:11F3H         LINE#         409
  C:11F5H         LINE#         410
  C:11FDH         LINE#         412
  C:1209H         LINE#         413
  C:1209H         LINE#         414
  C:1216H         LINE#         415
BL51 BANKED LINKER/LOCATER V6.22.2.0                                                  06/15/2024  01:13:03  PAGE 14


  C:1218H         LINE#         416
  C:121CH         LINE#         417
  C:121EH         LINE#         418
  C:1221H         LINE#         420
  C:122DH         LINE#         421
  C:122DH         LINE#         422
  C:122FH         LINE#         423
  C:1233H         LINE#         424
  C:1239H         LINE#         425
  C:123BH         LINE#         426
  C:123EH         LINE#         428
  C:1240H         LINE#         429
  C:1242H         LINE#         430
  C:1244H         LINE#         431
  -------         ENDPROC       _READRAWRC
  C:1245H         SYMBOL        L?0142
  -------         PROC          L?0141
  -------         ENDPROC       L?0141
  C:1245H         SYMBOL        L?0142
  -------         PROC          _WRITERAWRC
  D:0007H         SYMBOL        Address
  D:0005H         SYMBOL        value
  -------         DO            
  D:0006H         SYMBOL        i
  D:0007H         SYMBOL        ucAddr
  -------         ENDDO         
  C:1249H         LINE#         438
  C:1249H         LINE#         439
  C:1249H         LINE#         442
  C:124BH         LINE#         443
  C:124DH         LINE#         444
  C:1253H         LINE#         446
  C:125FH         LINE#         447
  C:125FH         LINE#         448
  C:126CH         LINE#         449
  C:126EH         LINE#         450
  C:1272H         LINE#         451
  C:1274H         LINE#         452
  C:1277H         LINE#         454
  C:1283H         LINE#         455
  C:1283H         LINE#         456
  C:1290H         LINE#         457
  C:1292H         LINE#         458
  C:1296H         LINE#         459
  C:1298H         LINE#         460
  C:129BH         LINE#         461
  C:129DH         LINE#         462
  C:129FH         LINE#         463
  -------         ENDPROC       _WRITERAWRC
  -------         PROC          _SETBITMASK
  D:0004H         SYMBOL        reg
  D:0003H         SYMBOL        mask
  -------         DO            
  D:0006H         SYMBOL        tmp
  -------         ENDDO         
  C:1548H         LINE#         470
  C:1548H         LINE#         471
BL51 BANKED LINKER/LOCATER V6.22.2.0                                                  06/15/2024  01:13:03  PAGE 15


  C:1548H         LINE#         472
  C:1548H         LINE#         473
  C:154DH         LINE#         474
  -------         ENDPROC       _SETBITMASK
  C:1524H         SYMBOL        L?0144
  -------         PROC          L?0143
  -------         ENDPROC       L?0143
  C:1524H         SYMBOL        L?0144
  -------         PROC          _CLEARBITMASK
  D:0004H         SYMBOL        reg
  D:0003H         SYMBOL        mask
  -------         DO            
  D:0006H         SYMBOL        tmp
  -------         ENDDO         
  C:1528H         LINE#         482
  C:1528H         LINE#         483
  C:1528H         LINE#         484
  C:1528H         LINE#         485
  C:152DH         LINE#         486
  -------         ENDPROC       _CLEARBITMASK
  C:0388H         SYMBOL        L?0137
  C:03A8H         SYMBOL        L?0138
  -------         PROC          L?0136
  -------         ENDPROC       L?0136
  C:0388H         SYMBOL        L?0137
  C:03A8H         SYMBOL        L?0138
  -------         PROC          _PCDCOMMF522
  X:0078H         SYMBOL        Command
  X:0079H         SYMBOL        pInData
  X:007CH         SYMBOL        InLenByte
  X:007DH         SYMBOL        pOutData
  X:0080H         SYMBOL        pOutLenBit
  -------         DO            
  X:0083H         SYMBOL        status
  X:0084H         SYMBOL        irqEn
  X:0085H         SYMBOL        waitFor
  D:0005H         SYMBOL        lastBits
  X:0086H         SYMBOL        n
  X:0087H         SYMBOL        i
  -------         ENDDO         
  C:03ACH         LINE#         497
  C:03BCH         LINE#         502
  C:03BCH         LINE#         503
  C:03C2H         LINE#         504
  C:03C5H         LINE#         505
  C:03C7H         LINE#         509
  C:03D0H         LINE#         510
  C:03D0H         LINE#         511
  C:03D0H         LINE#         512
  C:03D6H         LINE#         513
  C:03DAH         LINE#         514
  C:03DCH         LINE#         515
  C:03DCH         LINE#         516
  C:03E2H         LINE#         517
  C:03E6H         LINE#         518
  C:03E6H         LINE#         519
  C:03E6H         LINE#         520
BL51 BANKED LINKER/LOCATER V6.22.2.0                                                  06/15/2024  01:13:03  PAGE 16


  C:03E6H         LINE#         521
  C:03E6H         LINE#         523
  C:03F2H         LINE#         524
  C:03F9H         LINE#         525
  C:03FCH         LINE#         526
  C:0403H         LINE#         528
  C:041EH         LINE#         529
  C:0446H         LINE#         530
  C:0450H         LINE#         533
  C:0455H         LINE#         534
  C:045CH         LINE#         536
  C:0466H         LINE#         538
  C:0466H         LINE#         539
  C:0470H         LINE#         540
  C:047EH         LINE#         541
  C:047EH         LINE#         542
  C:0496H         LINE#         543
  C:049DH         LINE#         545
  C:04AAH         LINE#         546
  C:04AAH         LINE#         547
  C:04B7H         LINE#         548
  C:04B7H         LINE#         549
  C:04BBH         LINE#         550
  C:04C6H         LINE#         551
  C:04CCH         LINE#         552
  C:04D7H         LINE#         553
  C:04D7H         LINE#         554
  C:04E1H         LINE#         555
  C:04EAH         LINE#         556
  C:04ECH         LINE#         557
  C:0512H         LINE#         559
  C:052DH         LINE#         560
  C:0533H         LINE#         561
  C:0535H         LINE#         562
  C:0542H         LINE#         563
  C:0545H         LINE#         564
  C:055FH         LINE#         565
  C:058EH         LINE#         566
  C:058EH         LINE#         567
  C:058EH         LINE#         569
  C:0594H         LINE#         571
  C:0594H         LINE#         574
  C:059BH         LINE#         575
  C:059EH         LINE#         576
  C:05A3H         LINE#         577
  -------         ENDPROC       _PCDCOMMF522
  -------         PROC          PCDANTENNAON
  -------         DO            
  D:0007H         SYMBOL        i
  -------         ENDDO         
  C:1536H         LINE#         584
  C:1536H         LINE#         585
  C:1536H         LINE#         587
  C:153BH         LINE#         588
  C:1540H         LINE#         589
  C:1540H         LINE#         590
  C:1547H         LINE#         591
BL51 BANKED LINKER/LOCATER V6.22.2.0                                                  06/15/2024  01:13:03  PAGE 17


  C:1547H         LINE#         592
  -------         ENDPROC       PCDANTENNAON
  -------         PROC          PCDANTENNAOFF
  C:1561H         LINE#         598
  C:1561H         LINE#         599
  C:1561H         LINE#         600
  -------         ENDPROC       PCDANTENNAOFF
  -------         ENDMOD        RC522

  -------         MODULE        5110_51
  C:0000H         SYMBOL        _ICE_DUMMY_
  D:0080H         PUBLIC        P0
  C:14FEH         PUBLIC        _LCD_set_XY
  C:1426H         PUBLIC        _LCD_write_shu
  C:00FEH         PUBLIC        hanzi
  C:118CH         PUBLIC        display_type
  C:0026H         PUBLIC        shuzi_nokia
  B:0080H.4       PUBLIC        sclk
  B:0080H.3       PUBLIC        sdin
  C:10A9H         PUBLIC        display_carddat
  B:0080H.0       PUBLIC        sce
  C:1489H         PUBLIC        LCD_clear
  B:0080H.2       PUBLIC        dc
  C:0FA0H         PUBLIC        display_cardnum
  B:0080H.1       PUBLIC        res
  C:112AH         PUBLIC        _LCD_write_hanzi
  C:14B5H         PUBLIC        LCD_init
  C:0003H         PUBLIC        _delayms
  C:1366H         PUBLIC        _LCD_write_byte
  -------         PROC          _DELAYMS
  D:0006H         SYMBOL        ii
  -------         DO            
  D:0002H         SYMBOL        i
  D:0004H         SYMBOL        x
  -------         ENDDO         
  C:0003H         LINE#         132
  C:0003H         LINE#         133
  C:0003H         LINE#         135
  C:000DH         LINE#         136
  C:000DH         LINE#         137
  C:001BH         LINE#         138
  C:0022H         LINE#         140
  -------         ENDPROC       _DELAYMS
  C:135FH         SYMBOL        L?0046
  -------         PROC          L?0045
  -------         ENDPROC       L?0045
  C:135FH         SYMBOL        L?0046
  -------         PROC          _LCD_WRITE_BYTE
  D:0007H         SYMBOL        dt
  D:0005H         SYMBOL        command
  -------         DO            
  D:0006H         SYMBOL        i
  -------         ENDDO         
  C:1366H         LINE#         148
  C:1366H         LINE#         149
  C:1366H         LINE#         151
  C:1368H         LINE#         152
BL51 BANKED LINKER/LOCATER V6.22.2.0                                                  06/15/2024  01:13:03  PAGE 18


  C:136DH         LINE#         153
  C:1379H         LINE#         154
  C:1379H         LINE#         155
  C:137DH         LINE#         156
  C:1381H         LINE#         158
  C:1383H         LINE#         159
  C:1387H         LINE#         160
  C:1389H         LINE#         161
  C:138BH         LINE#         162
  C:138EH         LINE#         163
  C:1390H         LINE#         164
  C:1392H         LINE#         165
  C:1394H         LINE#         166
  -------         ENDPROC       _LCD_WRITE_BYTE
  -------         PROC          LCD_INIT
  C:14B5H         LINE#         171
  C:14B5H         LINE#         172
  C:14B5H         LINE#         173
  C:14B7H         LINE#         174
  C:14BEH         LINE#         175
  C:14C0H         LINE#         176
  C:14C7H         LINE#         177
  C:14CCH         LINE#         178
  C:14D1H         LINE#         179
  -------         ENDPROC       LCD_INIT
  -------         PROC          L?0048
  -------         ENDPROC       L?0048
  -------         PROC          _LCD_SET_XY
  D:0004H         SYMBOL        X
  D:0005H         SYMBOL        Y
  C:14FEH         LINE#         186
  C:1500H         LINE#         187
  C:1500H         LINE#         188
  C:1509H         LINE#         189
  -------         ENDPROC       _LCD_SET_XY
  -------         PROC          LCD_CLEAR
  -------         DO            
  D:0004H         SYMBOL        t
  D:0003H         SYMBOL        k
  -------         ENDDO         
  C:1489H         LINE#         195
  C:1489H         LINE#         196
  C:1489H         LINE#         199
  C:148FH         LINE#         200
  C:149BH         LINE#         201
  C:149BH         LINE#         202
  C:14A7H         LINE#         203
  C:14A7H         LINE#         204
  C:14AEH         LINE#         206
  C:14B1H         LINE#         207
  C:14B4H         LINE#         208
  -------         ENDPROC       LCD_CLEAR
  -------         PROC          L?0047
  -------         ENDPROC       L?0047
  -------         PROC          _LCD_WRITE_SHU
  D:0001H         SYMBOL        row
  D:0002H         SYMBOL        page
BL51 BANKED LINKER/LOCATER V6.22.2.0                                                  06/15/2024  01:13:03  PAGE 19


  D:0003H         SYMBOL        c
  -------         DO            
  D:0004H         SYMBOL        i
  -------         ENDDO         
  C:1426H         LINE#         214
  C:1426H         LINE#         215
  C:1426H         LINE#         218
  C:1429H         LINE#         219
  C:1435H         LINE#         220
  C:1435H         LINE#         221
  C:1438H         LINE#         222
  C:143BH         LINE#         224
  C:1447H         LINE#         225
  C:1453H         LINE#         226
  C:1453H         LINE#         227
  C:1456H         LINE#         228
  C:1459H         LINE#         229
  -------         ENDPROC       _LCD_WRITE_SHU
  -------         PROC          L?0049
  -------         ENDPROC       L?0049
  -------         PROC          _LCD_WRITE_HANZI
  D:0001H         SYMBOL        row
  D:0002H         SYMBOL        page
  D:0003H         SYMBOL        c
  -------         DO            
  D:0004H         SYMBOL        i
  -------         ENDDO         
  C:112AH         LINE#         235
  C:112AH         LINE#         236
  C:112AH         LINE#         239
  C:112DH         LINE#         240
  C:1139H         LINE#         241
  C:1139H         LINE#         242
  C:1153H         LINE#         243
  C:1156H         LINE#         245
  C:1162H         LINE#         246
  C:116EH         LINE#         247
  C:116EH         LINE#         248
  C:1188H         LINE#         249
  C:118BH         LINE#         250
  -------         ENDPROC       _LCD_WRITE_HANZI
  -------         PROC          DISPLAY_TYPE
  -------         DO            
  D:0007H         SYMBOL        first
  D:0006H         SYMBOL        second
  -------         ENDDO         
  C:118CH         LINE#         252
  C:118CH         LINE#         253
  C:118CH         LINE#         255
  C:118FH         LINE#         256
  C:1197H         LINE#         257
  C:119CH         LINE#         258
  C:11A1H         LINE#         259
  C:11A9H         LINE#         261
  C:11B2H         LINE#         262
  C:11BAH         LINE#         263
  C:11C1H         LINE#         264
BL51 BANKED LINKER/LOCATER V6.22.2.0                                                  06/15/2024  01:13:03  PAGE 20


  C:11C9H         LINE#         265
  C:11D2H         LINE#         266
  C:11DAH         LINE#         267
  C:11E1H         LINE#         268
  -------         ENDPROC       DISPLAY_TYPE
  -------         PROC          DISPLAY_CARDNUM
  -------         DO            
  D:0007H         SYMBOL        first
  D:0006H         SYMBOL        second
  -------         ENDDO         
  C:0FA0H         LINE#         271
  C:0FA0H         LINE#         272
  C:0FA0H         LINE#         274
  C:0FA9H         LINE#         275
  C:0FB2H         LINE#         276
  C:0FBBH         LINE#         278
  C:0FBEH         LINE#         279
  C:0FC3H         LINE#         280
  C:0FCAH         LINE#         281
  C:0FD2H         LINE#         283
  C:0FD5H         LINE#         284
  C:0FDAH         LINE#         285
  C:0FE1H         LINE#         286
  C:0FE9H         LINE#         288
  C:0FF2H         LINE#         289
  C:0FFAH         LINE#         290
  C:1001H         LINE#         291
  C:1009H         LINE#         293
  C:1012H         LINE#         294
  C:101AH         LINE#         295
  C:1021H         LINE#         296
  -------         ENDPROC       DISPLAY_CARDNUM
  -------         PROC          DISPLAY_CARDDAT
  -------         DO            
  D:0006H         SYMBOL        first
  D:0007H         SYMBOL        second
  D:0007H         SYMBOL        num
  X:00B6H         SYMBOL        i
  X:00B7H         SYMBOL        yule
  -------         ENDDO         
  C:10A9H         LINE#         298
  C:10A9H         LINE#         299
  C:10A9H         LINE#         302
  C:10B2H         LINE#         303
  C:10BAH         LINE#         304
  C:10C3H         LINE#         306
  C:10CEH         LINE#         308
  C:10D2H         LINE#         311
  C:10D8H         LINE#         312
  C:10E0H         LINE#         313
  C:10EDH         LINE#         314
  C:10F6H         LINE#         315
  C:1108H         LINE#         316
  C:1126H         LINE#         318
  -------         ENDPROC       DISPLAY_CARDDAT
  -------         ENDMOD        5110_51

BL51 BANKED LINKER/LOCATER V6.22.2.0                                                  06/15/2024  01:13:03  PAGE 21


  -------         MODULE        ?C?CLDOPTR
  C:1029H         PUBLIC        ?C?CLDOPTR
  -------         ENDMOD        ?C?CLDOPTR

  -------         MODULE        ?C?CSTPTR
  C:1056H         PUBLIC        ?C?CSTPTR
  -------         ENDMOD        ?C?CSTPTR

  -------         MODULE        ?C?CSTOPTR
  C:1068H         PUBLIC        ?C?CSTOPTR
  -------         ENDMOD        ?C?CSTOPTR

  -------         MODULE        ?C?ISTPTR
  C:108AH         PUBLIC        ?C?ISTPTR
  -------         ENDMOD        ?C?ISTPTR

*** WARNING L16: UNCALLED SEGMENT, IGNORED FOR OVERLAY PROCESS
    SEGMENT: ?PR?_DELAY1?MAIN

*** WARNING L16: UNCALLED SEGMENT, IGNORED FOR OVERLAY PROCESS
    SEGMENT: ?PR?_PCDVALUE?RC522

*** WARNING L16: UNCALLED SEGMENT, IGNORED FOR OVERLAY PROCESS
    SEGMENT: ?PR?_PCDBAKVALUE?RC522

*** WARNING L16: UNCALLED SEGMENT, IGNORED FOR OVERLAY PROCESS
    SEGMENT: ?PR?DISPLAY_TYPE?5110_51

*** WARNING L16: UNCALLED SEGMENT, IGNORED FOR OVERLAY PROCESS
    SEGMENT: ?PR?DISPLAY_CARDNUM?5110_51

*** WARNING L16: UNCALLED SEGMENT, IGNORED FOR OVERLAY PROCESS
    SEGMENT: ?PR?DISPLAY_CARDDAT?5110_51

Program Size: data=9.0 xdata=186 code=5486
LINK/LOCATE RUN COMPLETE.  6 WARNING(S),  0 ERROR(S)
