BL51 BANKED LINKER/LOCATER V6.22.2.0                                                    06/27/2024  13:24:14  PAGE 1


BL51 BANKED LINKER/LOCATER V6.22.2.0, INVOKED BY:
C:\KEIL_V5\C51\BIN\BL51.EXE ..\..\hex\MAIN.obj, ..\..\hex\RC522.obj, ..\..\hex\5110-51.obj TO ..\..\hex\TEST522 PRINT (.
>> \TEST522.m51) RAMSIZE (256)


MEMORY MODEL: LARGE


INPUT MODULES INCLUDED:
  ..\..\hex\MAIN.obj (MAIN)
  ..\..\hex\RC522.obj (RC522)
  ..\..\hex\5110-51.obj (5110_51)
  C:\KEIL_V5\C51\LIB\C51L.LIB (?C_STARTUP)
  C:\KEIL_V5\C51\LIB\C51L.LIB (?C?CLDOPTR)
  C:\KEIL_V5\C51\LIB\C51L.LIB (?C?CSTPTR)
  C:\KEIL_V5\C51\LIB\C51L.LIB (?C?CSTOPTR)
  C:\KEIL_V5\C51\LIB\C51L.LIB (?C?ISTPTR)
  C:\KEIL_V5\C51\LIB\C51L.LIB (?C_INIT)


LINK MAP OF MODULE:  ..\..\hex\TEST522 (MAIN)


            TYPE    BASE      LENGTH    RELOCATION   SEGMENT NAME
            -----------------------------------------------------

            * * * * * * *   D A T A   M E M O R Y   * * * * * * *
            REG     0000H     0008H     ABSOLUTE     "REG BANK 0"
            IDATA   0008H     0001H     UNIT         ?STACK

            * * * * * * *  X D A T A   M E M O R Y  * * * * * * *
            XDATA   0000H     0067H     UNIT         ?XD?MAIN
            XDATA   0067H     0033H     UNIT         _XDATA_GROUP_
            XDATA   009AH     0018H     UNIT         ?XD?_PCDVALUE?RC522
            XDATA   00B2H     0015H     UNIT         ?XD?_PCDBAKVALUE?RC522

            * * * * * * *   C O D E   M E M O R Y   * * * * * * *
            CODE    0000H     0003H     ABSOLUTE     
            CODE    0003H     0020H     UNIT         ?PR?_DELAYMS?5110_51
            CODE    0023H     0003H     ABSOLUTE     
            CODE    0026H     0510H     UNIT         ?CO?5110_51
            CODE    0536H     0314H     UNIT         ?PR?MAIN?MAIN
            CODE    084AH     021EH     UNIT         ?PR?_PCDCOMMF522?RC522
            CODE    0A68H     0150H     UNIT         ?PR?_PCDBAKVALUE?RC522
            CODE    0BB8H     0112H     UNIT         ?PR?_PCDWRITE?RC522
            CODE    0CCAH     00E5H     UNIT         ?PR?_PCDVALUE?RC522
            CODE    0DAFH     00D5H     UNIT         ?PR?_DISPLAY_CARDNUM?MAIN
            CODE    0E84H     00C7H     UNIT         ?PR?_PCDANTICOLL?RC522
            CODE    0F4BH     00BAH     UNIT         ?PR?_PCDSELECT?RC522
            CODE    1005H     00BAH     UNIT         ?PR?_PCDAUTHSTATE?RC522
            CODE    10BFH     00B4H     UNIT         ?PR?_CALULATECRC?RC522
            CODE    1173H     00ABH     UNIT         ?PR?_DISPALY_KAO_QING_CHENG_GONG?MAIN
            CODE    121EH     0097H     UNIT         ?PR?_PCDREAD?RC522
            CODE    12B5H     008CH     UNIT         ?C_C51STARTUP
            CODE    1341H     008BH     UNIT         ?PR?_PCDREQUEST?RC522
            CODE    13CCH     0080H     UNIT         ?C?LIB_CODE
            CODE    144CH     0079H     UNIT         ?PR?_DISPLAY_TITLE?MAIN
            CODE    14C5H     0065H     UNIT         ?PR?_LCD_WRITE_HANZI?5110_51
BL51 BANKED LINKER/LOCATER V6.22.2.0                                                  06/27/2024  13:24:14  PAGE 2


            CODE    152AH     0061H     UNIT         ?PR?_DISPLAY_BANG_DING_CHEN_GONG?MAIN
            CODE    158BH     0061H     UNIT         ?PR?_DISPLAY_KAO_QING_SHI_BAI?MAIN
            CODE    15ECH     005DH     UNIT         ?C_INITSEG
            CODE    1649H     005CH     UNIT         ?PR?_READRAWRC?RC522
            CODE    16A5H     005BH     UNIT         ?PR?_WRITERAWRC?RC522
            CODE    1700H     0056H     UNIT         ?PR?UART_R?MAIN
            CODE    1756H     0052H     UNIT         ?PR?PCDHALT?RC522
            CODE    17A8H     004FH     UNIT         ?PR?_DISPLAY_SNO?MAIN
            CODE    17F7H     004DH     UNIT         ?PR?_LCD_WRITE_BYTE?5110_51
            CODE    1844H     004BH     UNIT         ?PR?DISPLAY_TYPE?5110_51
            CODE    188FH     0049H     UNIT         ?PR?_DISPLAY_BU_ZAI_KAO_QING_SHI_JIAN?MAIN
            CODE    18D8H     0049H     UNIT         ?PR?_DISPLAY_BEN_SHI_JIAN_DUN_WU_KE?MAIN
            CODE    1921H     0049H     UNIT         ?PR?_DISPLAY_BEN_JIE_KE_YI_DA_KA?MAIN
            CODE    196AH     003EH     UNIT         ?PR?PCDRESET?RC522
            CODE    19A8H     003DH     UNIT         ?PR?_LCD_WRITE_SHU?5110_51
            CODE    19E5H     002FH     UNIT         ?PR?INITIALIZESYSTEM?MAIN
            CODE    1A14H     002CH     UNIT         ?PR?LCD_CLEAR?5110_51
            CODE    1A40H     002BH     UNIT         ?PR?_CLEAR_ROW?MAIN
            CODE    1A6BH     0021H     UNIT         ?PR?LCD_INIT?5110_51
            CODE    1A8CH     001EH     UNIT         ?PR?_DELAY1?MAIN
            CODE    1AAAH     001CH     UNIT         ?PR?_LCD_SET_XY?5110_51
            CODE    1AC6H     0014H     UNIT         ?PR?_UART_SENDBYTE?MAIN
            CODE    1ADAH     0013H     UNIT         ?PR?_NIBBLE_TO_ASCII?MAIN
            CODE    1AEDH     0013H     UNIT         ?PR?_CLEARBITMASK?RC522
            CODE    1B00H     0012H     UNIT         ?PR?PCDANTENNAON?RC522
            CODE    1B12H     000DH     UNIT         ?PR?_SETBITMASK?RC522
            CODE    1B1FH     0007H     UNIT         ?PR?PCDANTENNAOFF?RC522
            CODE    1B26H     0006H     UNIT         ?CO?MAIN



OVERLAY MAP OF MODULE:   ..\..\hex\TEST522 (MAIN)


SEGMENT                                            XDATA_GROUP
  +--> CALLED SEGMENT                            START    LENGTH
----------------------------------------------------------------
?C_C51STARTUP                                    -----    -----
  +--> ?PR?MAIN?MAIN
  +--> ?C_INITSEG

?PR?MAIN?MAIN                                    0067H    0005H
  +--> ?PR?LCD_INIT?5110_51
  +--> ?PR?LCD_CLEAR?5110_51
  +--> ?PR?_DISPLAY_TITLE?MAIN
  +--> ?PR?INITIALIZESYSTEM?MAIN
  +--> ?PR?PCDRESET?RC522
  +--> ?PR?PCDANTENNAOFF?RC522
  +--> ?PR?PCDANTENNAON?RC522
  +--> ?PR?_UART_SENDBYTE?MAIN
  +--> ?PR?_PCDREQUEST?RC522
  +--> ?PR?_CLEAR_ROW?MAIN
  +--> ?PR?_PCDANTICOLL?RC522
  +--> ?PR?_NIBBLE_TO_ASCII?MAIN
  +--> ?PR?_DISPLAY_CARDNUM?MAIN
  +--> ?PR?_PCDSELECT?RC522
  +--> ?CO?MAIN
BL51 BANKED LINKER/LOCATER V6.22.2.0                                                  06/27/2024  13:24:14  PAGE 3


  +--> ?PR?_PCDAUTHSTATE?RC522
  +--> ?PR?_PCDWRITE?RC522
  +--> ?PR?_DISPLAY_SNO?MAIN
  +--> ?PR?_DISPLAY_BANG_DING_CHEN_GONG?MAIN
  +--> ?PR?_PCDREAD?RC522
  +--> ?PR?_DISPLAY_KAO_QING_SHI_BAI?MAIN
  +--> ?PR?_DISPLAY_BU_ZAI_KAO_QING_SHI_JIAN...
  +--> ?PR?_DISPLAY_BEN_SHI_JIAN_DUN_WU_KE?MAIN
  +--> ?PR?_DISPLAY_BEN_JIE_KE_YI_DA_KA?MAIN
  +--> ?PR?_DISPALY_KAO_QING_CHENG_GONG?MAIN
  +--> ?PR?PCDHALT?RC522

?PR?LCD_INIT?5110_51                             -----    -----
  +--> ?PR?_DELAYMS?5110_51
  +--> ?PR?_LCD_WRITE_BYTE?5110_51

?PR?_LCD_WRITE_BYTE?5110_51                      -----    -----
  +--> ?CO?5110_51

?PR?LCD_CLEAR?5110_51                            -----    -----
  +--> ?PR?_LCD_SET_XY?5110_51
  +--> ?PR?_LCD_WRITE_BYTE?5110_51

?PR?_LCD_SET_XY?5110_51                          -----    -----
  +--> ?PR?_LCD_WRITE_BYTE?5110_51

?PR?_DISPLAY_TITLE?MAIN                          006CH    0001H
  +--> ?PR?_LCD_WRITE_SHU?5110_51
  +--> ?PR?_LCD_WRITE_HANZI?5110_51

?PR?_LCD_WRITE_SHU?5110_51                       -----    -----
  +--> ?PR?_LCD_SET_XY?5110_51
  +--> ?PR?_LCD_WRITE_BYTE?5110_51

?PR?_LCD_WRITE_HANZI?5110_51                     -----    -----
  +--> ?PR?_LCD_SET_XY?5110_51
  +--> ?CO?5110_51
  +--> ?PR?_LCD_WRITE_BYTE?5110_51

?PR?PCDRESET?RC522                               -----    -----
  +--> ?PR?_WRITERAWRC?RC522

?PR?PCDANTENNAOFF?RC522                          -----    -----
  +--> ?PR?_CLEARBITMASK?RC522

?PR?_CLEARBITMASK?RC522                          -----    -----
  +--> ?PR?_READRAWRC?RC522
  +--> ?PR?_WRITERAWRC?RC522

?PR?PCDANTENNAON?RC522                           -----    -----
  +--> ?PR?_READRAWRC?RC522
  +--> ?PR?_SETBITMASK?RC522

?PR?_SETBITMASK?RC522                            -----    -----
  +--> ?PR?_READRAWRC?RC522
  +--> ?PR?_WRITERAWRC?RC522

BL51 BANKED LINKER/LOCATER V6.22.2.0                                                  06/27/2024  13:24:14  PAGE 4


?PR?_PCDREQUEST?RC522                            006CH    0018H
  +--> ?PR?_CLEARBITMASK?RC522
  +--> ?PR?_WRITERAWRC?RC522
  +--> ?PR?_SETBITMASK?RC522
  +--> ?PR?_PCDCOMMF522?RC522

?PR?_PCDCOMMF522?RC522                           0089H    0011H
  +--> ?PR?_WRITERAWRC?RC522
  +--> ?PR?_CLEARBITMASK?RC522
  +--> ?PR?_SETBITMASK?RC522
  +--> ?PR?_READRAWRC?RC522

?PR?_CLEAR_ROW?MAIN                              006CH    0001H
  +--> ?PR?_LCD_WRITE_SHU?5110_51

?PR?_PCDANTICOLL?RC522                           006CH    0019H
  +--> ?PR?_CLEARBITMASK?RC522
  +--> ?PR?_WRITERAWRC?RC522
  +--> ?PR?_PCDCOMMF522?RC522
  +--> ?PR?_SETBITMASK?RC522

?PR?_DISPLAY_CARDNUM?MAIN                        006CH    0001H
  +--> ?PR?_LCD_WRITE_HANZI?5110_51
  +--> ?PR?_LCD_WRITE_SHU?5110_51

?PR?_PCDSELECT?RC522                             006CH    0017H
  +--> ?PR?_CALULATECRC?RC522
  +--> ?PR?_CLEARBITMASK?RC522
  +--> ?PR?_PCDCOMMF522?RC522

?PR?_CALULATECRC?RC522                           0083H    0008H
  +--> ?PR?_CLEARBITMASK?RC522
  +--> ?PR?_WRITERAWRC?RC522
  +--> ?PR?_SETBITMASK?RC522
  +--> ?PR?_READRAWRC?RC522

?PR?_PCDAUTHSTATE?RC522                          006CH    001DH
  +--> ?PR?_PCDCOMMF522?RC522
  +--> ?PR?_READRAWRC?RC522

?PR?_PCDWRITE?RC522                              006CH    0017H
  +--> ?PR?_CALULATECRC?RC522
  +--> ?PR?_PCDCOMMF522?RC522

?PR?_DISPLAY_SNO?MAIN                            006CH    0001H
  +--> ?PR?_LCD_WRITE_HANZI?5110_51
  +--> ?PR?_LCD_WRITE_SHU?5110_51

?PR?_DISPLAY_BANG_DING_CHEN_GONG?MAIN            006CH    0001H
  +--> ?PR?_LCD_WRITE_SHU?5110_51
  +--> ?PR?_LCD_WRITE_HANZI?5110_51

?PR?_PCDREAD?RC522                               006CH    0017H
  +--> ?PR?_CALULATECRC?RC522
  +--> ?PR?_PCDCOMMF522?RC522

?PR?_DISPLAY_KAO_QING_SHI_BAI?MAIN               006CH    0001H
BL51 BANKED LINKER/LOCATER V6.22.2.0                                                  06/27/2024  13:24:14  PAGE 5


  +--> ?PR?_LCD_WRITE_SHU?5110_51
  +--> ?PR?_LCD_WRITE_HANZI?5110_51

?PR?_DISPLAY_BU_ZAI_KAO_QING_SHI_JIAN...         006CH    0001H
  +--> ?PR?_LCD_WRITE_HANZI?5110_51

?PR?_DISPLAY_BEN_SHI_JIAN_DUN_WU_KE?MAIN         006CH    0001H
  +--> ?PR?_LCD_WRITE_HANZI?5110_51

?PR?_DISPLAY_BEN_JIE_KE_YI_DA_KA?MAIN            006CH    0001H
  +--> ?PR?_LCD_WRITE_HANZI?5110_51

?PR?_DISPALY_KAO_QING_CHENG_GONG?MAIN            006CH    0002H
  +--> ?PR?_LCD_WRITE_SHU?5110_51
  +--> ?PR?_LCD_WRITE_HANZI?5110_51

?PR?PCDHALT?RC522                                006CH    0015H
  +--> ?PR?_CALULATECRC?RC522
  +--> ?PR?_PCDCOMMF522?RC522



SYMBOL TABLE OF MODULE:  ..\..\hex\TEST522 (MAIN)

  VALUE           TYPE          NAME
  ----------------------------------

  -------         MODULE        MAIN
  C:0000H         SYMBOL        _ICE_DUMMY_
  D:0084H         PUBLIC        P0M1
  X:0000H         PUBLIC        Char
  D:0091H         PUBLIC        P1M1
  D:0085H         PUBLIC        P0M2
  D:0080H         PUBLIC        P0
  C:144CH         PUBLIC        _display_title
  D:0092H         PUBLIC        P1M2
  D:0090H         PUBLIC        P1
  C:1AD2H         PUBLIC        _UART_sendbyte
  D:00B1H         PUBLIC        P3M1
  D:00A0H         PUBLIC        P2
  D:00B2H         PUBLIC        P3M2
  D:00B0H         PUBLIC        P3
  B:00A8H.7       PUBLIC        EA
  C:152AH         PUBLIC        _display_bang_ding_chen_gong
  X:0001H         PUBLIC        stu_id
  D:00A8H         PUBLIC        IE
  X:0011H         PUBLIC        data_index
  B:00A8H.4       PUBLIC        ES
  D:00B8H         PUBLIC        IP
  B:0098H.0       PUBLIC        RI
  X:0012H         PUBLIC        flag
  B:0098H.1       PUBLIC        TI
  C:1173H         PUBLIC        _dispaly_kao_qing_cheng_gong
  C:1ADAH         PUBLIC        _nibble_to_ascii
  C:19E5H         PUBLIC        InitializeSystem
  C:0536H         PUBLIC        main
  C:17A8H         PUBLIC        _display_sno
BL51 BANKED LINKER/LOCATER V6.22.2.0                                                  06/27/2024  13:24:14  PAGE 6


  D:0099H         PUBLIC        SBUF
  C:188FH         PUBLIC        _display_bu_zai_kao_qing_shi_jian
  D:0098H         PUBLIC        SCON
  D:0089H         PUBLIC        TMOD
  D:0088H         PUBLIC        TCON
  C:1A8CH         PUBLIC        _delay1
  C:1A40H         PUBLIC        _clear_row
  X:0013H         PUBLIC        received_data
  X:0023H         PUBLIC        card_id
  C:0DAFH         PUBLIC        _display_cardnum
  D:008DH         PUBLIC        TH1
  D:008BH         PUBLIC        TL1
  B:0088H.6       PUBLIC        TR1
  X:0033H         PUBLIC        is_read_data
  X:0034H         PUBLIC        is_card_read
  D:00D8H         PUBLIC        I2CON
  C:158BH         PUBLIC        _display_kao_qing_shi_bai
  X:0035H         PUBLIC        run_mode
  C:18D8H         PUBLIC        _display_ben_shi_jian_dun_wu_ke
  D:00C8H         PUBLIC        T2CON
  X:0036H         PUBLIC        i
  X:0037H         PUBLIC        write_ok
  C:1700H         PUBLIC        UART_R
  C:1921H         PUBLIC        _display_ben_jie_ke_yi_da_ka
  C:1B26H         PUBLIC        DefaultKey
  X:0047H         PUBLIC        response_array
  X:0057H         PUBLIC        g_ucTempbuf
  D:00D0H         PUBLIC        PSW
  -------         PROC          _DELAY1
  D:0006H         SYMBOL        z
  -------         DO            
  D:0006H         SYMBOL        x
  D:0004H         SYMBOL        y
  -------         ENDDO         
  C:1A8CH         LINE#         45
  C:1A8CH         LINE#         46
  C:1A8CH         LINE#         48
  C:1A95H         LINE#         49
  C:1AA9H         LINE#         51
  -------         ENDPROC       _DELAY1
  C:1ACEH         SYMBOL        L?0091
  -------         PROC          L?0090
  -------         ENDPROC       L?0090
  C:1ACEH         SYMBOL        L?0091
  -------         PROC          _UART_SENDBYTE
  D:0007H         SYMBOL        Byte
  C:1AD2H         LINE#         54
  C:1AD2H         LINE#         55
  C:1AD2H         LINE#         56
  C:1AD4H         LINE#         57
  C:1AD7H         LINE#         59
  C:1AD9H         LINE#         60
  -------         ENDPROC       _UART_SENDBYTE
  -------         PROC          _NIBBLE_TO_ASCII
  D:0007H         SYMBOL        nibble
  C:1ADAH         LINE#         63
  C:1ADAH         LINE#         64
BL51 BANKED LINKER/LOCATER V6.22.2.0                                                  06/27/2024  13:24:14  PAGE 7


  C:1ADAH         LINE#         65
  C:1AE5H         LINE#         66
  C:1AE5H         LINE#         67
  C:1AE9H         LINE#         68
  C:1AE9H         LINE#         70
  C:1AE9H         LINE#         71
  C:1AECH         LINE#         72
  C:1AECH         LINE#         73
  -------         ENDPROC       _NIBBLE_TO_ASCII
  -------         PROC          _CLEAR_ROW
  X:006CH         SYMBOL        row
  C:1A40H         LINE#         75
  C:1A45H         LINE#         76
  C:1A45H         LINE#         77
  C:1A58H         LINE#         78
  C:1A58H         LINE#         79
  C:1A62H         LINE#         80
  C:1A6AH         LINE#         81
  -------         ENDPROC       _CLEAR_ROW
  -------         PROC          _DISPLAY_TITLE
  X:006CH         SYMBOL        row
  C:144CH         LINE#         83
  C:1452H         LINE#         84
  C:1452H         LINE#         86
  C:1459H         LINE#         87
  C:1465H         LINE#         88
  C:1471H         LINE#         89
  C:147DH         LINE#         90
  C:1489H         LINE#         92
  C:1495H         LINE#         94
  C:14A1H         LINE#         95
  C:14ADH         LINE#         96
  C:14B9H         LINE#         97
  -------         ENDPROC       _DISPLAY_TITLE
  -------         PROC          _DISPLAY_SNO
  X:006CH         SYMBOL        row
  C:17A8H         LINE#         100
  C:17AEH         LINE#         101
  C:17AEH         LINE#         103
  C:17B5H         LINE#         104
  C:17C1H         LINE#         105
  C:17D3H         LINE#         106
  C:17D3H         LINE#         107
  C:17EEH         LINE#         108
  C:17F6H         LINE#         109
  -------         ENDPROC       _DISPLAY_SNO
  -------         PROC          _DISPLAY_BANG_DING_CHEN_GONG
  X:006CH         SYMBOL        row
  C:152AH         LINE#         112
  C:1530H         LINE#         113
  C:1530H         LINE#         115
  C:1537H         LINE#         116
  C:1543H         LINE#         117
  C:154FH         LINE#         118
  C:155BH         LINE#         119
  C:1567H         LINE#         120
  C:1573H         LINE#         121
BL51 BANKED LINKER/LOCATER V6.22.2.0                                                  06/27/2024  13:24:14  PAGE 8


  C:157FH         LINE#         122
  -------         ENDPROC       _DISPLAY_BANG_DING_CHEN_GONG
  -------         PROC          _DISPLAY_KAO_QING_SHI_BAI
  X:006CH         SYMBOL        row
  C:158BH         LINE#         125
  C:1591H         LINE#         126
  C:1591H         LINE#         128
  C:1598H         LINE#         129
  C:15A4H         LINE#         130
  C:15B0H         LINE#         131
  C:15BCH         LINE#         132
  C:15C8H         LINE#         133
  C:15D4H         LINE#         134
  C:15E0H         LINE#         135
  -------         ENDPROC       _DISPLAY_KAO_QING_SHI_BAI
  -------         PROC          _DISPLAY_BU_ZAI_KAO_QING_SHI_JIAN
  X:006CH         SYMBOL        row
  C:188FH         LINE#         139
  C:1895H         LINE#         140
  C:1895H         LINE#         142
  C:189CH         LINE#         143
  C:18A8H         LINE#         144
  C:18B4H         LINE#         145
  C:18C0H         LINE#         146
  C:18CCH         LINE#         147
  -------         ENDPROC       _DISPLAY_BU_ZAI_KAO_QING_SHI_JIAN
  -------         PROC          _DISPLAY_BEN_SHI_JIAN_DUN_WU_KE
  X:006CH         SYMBOL        row
  C:18D8H         LINE#         150
  C:18DEH         LINE#         151
  C:18DEH         LINE#         153
  C:18E5H         LINE#         154
  C:18F1H         LINE#         155
  C:18FDH         LINE#         156
  C:1909H         LINE#         157
  C:1915H         LINE#         158
  -------         ENDPROC       _DISPLAY_BEN_SHI_JIAN_DUN_WU_KE
  -------         PROC          _DISPLAY_BEN_JIE_KE_YI_DA_KA
  X:006CH         SYMBOL        row
  C:1921H         LINE#         161
  C:1927H         LINE#         162
  C:1927H         LINE#         164
  C:192EH         LINE#         165
  C:193AH         LINE#         166
  C:1946H         LINE#         167
  C:1952H         LINE#         168
  C:195EH         LINE#         169
  -------         ENDPROC       _DISPLAY_BEN_JIE_KE_YI_DA_KA
  -------         PROC          _DISPALY_KAO_QING_CHENG_GONG
  X:006CH         SYMBOL        row
  X:006DH         SYMBOL        state
  C:1173H         LINE#         171
  C:117DH         LINE#         172
  C:117DH         LINE#         174
  C:1185H         LINE#         175
  C:1191H         LINE#         176
  C:119DH         LINE#         177
BL51 BANKED LINKER/LOCATER V6.22.2.0                                                  06/27/2024  13:24:14  PAGE 9


  C:11A9H         LINE#         178
  C:11B0H         LINE#         179
  C:11B0H         LINE#         180
  C:11BCH         LINE#         181
  C:11C8H         LINE#         182
  C:11C8H         LINE#         183
  C:11CFH         LINE#         184
  C:11CFH         LINE#         185
  C:11DBH         LINE#         186
  C:11E7H         LINE#         187
  C:11E7H         LINE#         188
  C:11EEH         LINE#         189
  C:11EEH         LINE#         191
  C:11FAH         LINE#         192
  C:1206H         LINE#         193
  C:1206H         LINE#         194
  C:1212H         LINE#         195
  -------         ENDPROC       _DISPALY_KAO_QING_CHENG_GONG
  -------         PROC          _DISPLAY_CARDNUM
  X:006CH         SYMBOL        row
  -------         DO            
  D:0007H         SYMBOL        first
  D:0006H         SYMBOL        second
  -------         ENDDO         
  C:0DAFH         LINE#         200
  C:0DB5H         LINE#         201
  C:0DB5H         LINE#         204
  C:0DBCH         LINE#         205
  C:0DC8H         LINE#         206
  C:0DD4H         LINE#         207
  C:0DDEH         LINE#         208
  C:0DEAH         LINE#         209
  C:0DF1H         LINE#         210
  C:0DFDH         LINE#         212
  C:0E07H         LINE#         213
  C:0E13H         LINE#         214
  C:0E1AH         LINE#         215
  C:0E26H         LINE#         217
  C:0E30H         LINE#         218
  C:0E3CH         LINE#         219
  C:0E43H         LINE#         220
  C:0E4FH         LINE#         222
  C:0E59H         LINE#         223
  C:0E65H         LINE#         224
  C:0E6CH         LINE#         225
  C:0E78H         LINE#         226
  -------         ENDPROC       _DISPLAY_CARDNUM
  -------         PROC          MAIN
  -------         DO            
  X:0067H         SYMBOL        status
  X:0068H         SYMBOL        temp
  -------         DO            
  X:006AH         SYMBOL        high_nibble
  X:006BH         SYMBOL        low_nibble
  -------         ENDDO         
  -------         ENDDO         
  C:0536H         LINE#         230
BL51 BANKED LINKER/LOCATER V6.22.2.0                                                  06/27/2024  13:24:14  PAGE 10


  C:0536H         LINE#         231
  C:0536H         LINE#         235
  C:0539H         LINE#         236
  C:053CH         LINE#         237
  C:0541H         LINE#         238
  C:0544H         LINE#         239
  C:0547H         LINE#         240
  C:054AH         LINE#         241
  C:054DH         LINE#         243
  C:054DH         LINE#         244
  C:054DH         LINE#         247
  C:0555H         LINE#         248
  C:0555H         LINE#         250
  C:0566H         LINE#         251
  C:0566H         LINE#         252
  C:057FH         LINE#         253
  C:0587H         LINE#         254
  C:059AH         LINE#         255
  C:059AH         LINE#         256
  C:059DH         LINE#         257
  C:05A5H         LINE#         260
  C:05A5H         LINE#         262
  C:05B5H         LINE#         263
  C:05B7H         LINE#         264
  C:05B7H         LINE#         266
  C:05BCH         LINE#         267
  C:05C1H         LINE#         268
  C:05C6H         LINE#         269
  C:05C9H         LINE#         270
  C:05C9H         LINE#         272
  C:05D7H         LINE#         273
  C:05DCH         LINE#         274
  C:05DCH         LINE#         276
  C:05DCH         LINE#         277
  C:05DCH         LINE#         280
  C:05EEH         LINE#         281
  C:05EEH         LINE#         282
  C:0602H         LINE#         283
  C:0607H         LINE#         285
  C:061BH         LINE#         286
  C:0634H         LINE#         287
  C:063CH         LINE#         289
  C:064FH         LINE#         290
  C:064FH         LINE#         291
  C:065AH         LINE#         292
  C:0662H         LINE#         294
  C:0667H         LINE#         295
  C:0675H         LINE#         296
  C:067AH         LINE#         297
  C:067AH         LINE#         299
  C:067AH         LINE#         300
  C:067AH         LINE#         302
  C:0699H         LINE#         303
  C:069EH         LINE#         304
  C:069EH         LINE#         306
  C:069EH         LINE#         307
  C:069EH         LINE#         310
BL51 BANKED LINKER/LOCATER V6.22.2.0                                                  06/27/2024  13:24:14  PAGE 11


  C:06A9H         LINE#         311
  C:06A9H         LINE#         312
  C:06BAH         LINE#         313
  C:06BAH         LINE#         314
  C:06D3H         LINE#         315
  C:06EFH         LINE#         316
  C:06F7H         LINE#         317
  C:0707H         LINE#         318
  C:070CH         LINE#         319
  C:070CH         LINE#         321
  C:070CH         LINE#         322
  C:070CH         LINE#         324
  C:071EH         LINE#         325
  C:071EH         LINE#         326
  C:0721H         LINE#         327
  C:0729H         LINE#         329
  C:072EH         LINE#         331
  C:0733H         LINE#         333
  C:0738H         LINE#         336
  C:073BH         LINE#         337
  C:0743H         LINE#         338
  C:0743H         LINE#         339
  C:0753H         LINE#         340
  C:0758H         LINE#         341
  C:0758H         LINE#         342
  C:0758H         LINE#         343
  C:0758H         LINE#         344
  C:076DH         LINE#         345
  C:076DH         LINE#         346
  C:0778H         LINE#         347
  C:0780H         LINE#         348
  C:0780H         LINE#         350
  C:078BH         LINE#         351
  C:078BH         LINE#         352
  C:079BH         LINE#         353
  C:07A0H         LINE#         354
  C:07A0H         LINE#         355
  C:07A0H         LINE#         356
  C:07A0H         LINE#         357
  C:07B1H         LINE#         358
  C:07B1H         LINE#         359
  C:07CAH         LINE#         360
  C:07D2H         LINE#         361
  C:07E5H         LINE#         362
  C:07E5H         LINE#         363
  C:07F0H         LINE#         364
  C:07F8H         LINE#         365
  C:0800H         LINE#         366
  C:0800H         LINE#         367
  C:0805H         LINE#         369
  C:080CH         LINE#         370
  C:0811H         LINE#         371
  C:0818H         LINE#         372
  C:081DH         LINE#         373
  C:0824H         LINE#         374
  C:0829H         LINE#         375
  C:0830H         LINE#         376
BL51 BANKED LINKER/LOCATER V6.22.2.0                                                  06/27/2024  13:24:14  PAGE 12


  C:0835H         LINE#         377
  C:083CH         LINE#         378
  C:083CH         LINE#         379
  C:0844H         LINE#         380
  C:0844H         LINE#         381
  C:0844H         LINE#         382
  C:0844H         LINE#         385
  C:0847H         LINE#         386
  -------         ENDPROC       MAIN
  -------         PROC          INITIALIZESYSTEM
  C:19E5H         LINE#         390
  C:19E5H         LINE#         391
  C:19E5H         LINE#         393
  C:19E8H         LINE#         394
  C:19EAH         LINE#         395
  C:19ECH         LINE#         396
  C:19EEH         LINE#         397
  C:19F0H         LINE#         398
  C:19F3H         LINE#         399
  C:19F6H         LINE#         400
  C:19F9H         LINE#         401
  C:19FCH         LINE#         402
  C:19FFH         LINE#         405
  C:1A02H         LINE#         408
  C:1A05H         LINE#         411
  C:1A08H         LINE#         412
  C:1A0BH         LINE#         415
  C:1A0DH         LINE#         418
  C:1A0FH         LINE#         419
  C:1A11H         LINE#         422
  C:1A13H         LINE#         423
  -------         ENDPROC       INITIALIZESYSTEM
  -------         PROC          UART_R
  C:1700H         LINE#         426
  C:170FH         LINE#         428
  C:1712H         LINE#         429
  C:1712H         LINE#         430
  C:1718H         LINE#         432
  C:171AH         LINE#         433
  C:171FH         LINE#         434
  C:171FH         LINE#         435
  C:1725H         LINE#         437
  C:172AH         LINE#         438
  C:172CH         LINE#         440
  C:172CH         LINE#         441
  C:1739H         LINE#         442
  C:1739H         LINE#         443
  C:1749H         LINE#         444
  C:1749H         LINE#         445
  C:1749H         LINE#         446
  C:1749H         LINE#         447
  -------         ENDPROC       UART_R
  -------         ENDMOD        MAIN

  -------         MODULE        RC522
  C:0000H         SYMBOL        _ICE_DUMMY_
  C:1B1FH         PUBLIC        PcdAntennaOff
BL51 BANKED LINKER/LOCATER V6.22.2.0                                                  06/27/2024  13:24:14  PAGE 13


  D:0090H         PUBLIC        P1
  D:00A0H         PUBLIC        P2
  B:0090H.3       PUBLIC        MF522_NSS
  D:00B0H         PUBLIC        P3
  C:1341H         PUBLIC        _PcdRequest
  B:0090H.7       PUBLIC        MF522_RST
  C:10D6H         PUBLIC        _CalulateCRC
  D:00A8H         PUBLIC        IE
  C:121EH         PUBLIC        _PcdRead
  C:0CCAH         PUBLIC        _PcdValue
  D:00B8H         PUBLIC        IP
  C:1AF2H         PUBLIC        _ClearBitMask
  C:196AH         PUBLIC        PcdReset
  C:1B00H         PUBLIC        PcdAntennaOn
  C:1756H         PUBLIC        PcdHalt
  C:0BB8H         PUBLIC        _PcdWrite
  C:0A68H         PUBLIC        _PcdBakValue
  B:0090H.5       PUBLIC        MF522_SI
  B:0090H.6       PUBLIC        MF522_SO
  C:1005H         PUBLIC        _PcdAuthState
  D:0098H         PUBLIC        SCON
  D:0088H         PUBLIC        TCON
  C:164FH         PUBLIC        _ReadRawRC
  C:16A9H         PUBLIC        _WriteRawRC
  C:0E84H         PUBLIC        _PcdAnticoll
  D:00D8H         PUBLIC        I2CON
  C:1B12H         PUBLIC        _SetBitMask
  C:0870H         PUBLIC        _PcdComMF522
  D:00C8H         PUBLIC        T2CON
  B:0090H.4       PUBLIC        MF522_SCK
  D:00D0H         PUBLIC        PSW
  C:0F4BH         PUBLIC        _PcdSelect
  -------         PROC          _PCDREQUEST
  X:006CH         SYMBOL        req_code
  X:006DH         SYMBOL        pTagType
  -------         DO            
  D:0007H         SYMBOL        status
  X:0070H         SYMBOL        unLen
  X:0072H         SYMBOL        ucComMF522Buf
  -------         ENDDO         
  C:1341H         LINE#         24
  C:134EH         LINE#         25
  C:134EH         LINE#         30
  C:1351H         LINE#         31
  C:1358H         LINE#         32
  C:135FH         LINE#         34
  C:1367H         LINE#         36
  C:138AH         LINE#         38
  C:139EH         LINE#         39
  C:139EH         LINE#         40
  C:13B2H         LINE#         41
  C:13C9H         LINE#         42
  C:13C9H         LINE#         44
  C:13CBH         LINE#         48
  C:13CBH         LINE#         50
  C:13CBH         LINE#         51
  -------         ENDPROC       _PCDREQUEST
BL51 BANKED LINKER/LOCATER V6.22.2.0                                                  06/27/2024  13:24:14  PAGE 14


  -------         PROC          _PCDANTICOLL
  X:006CH         SYMBOL        pSnr
  -------         DO            
  X:006FH         SYMBOL        status
  D:0005H         SYMBOL        i
  X:0070H         SYMBOL        snr_check
  X:0071H         SYMBOL        unLen
  X:0073H         SYMBOL        ucComMF522Buf
  -------         ENDDO         
  C:0E84H         LINE#         58
  C:0E8FH         LINE#         59
  C:0E8FH         LINE#         61
  C:0E93H         LINE#         66
  C:0E96H         LINE#         67
  C:0E9DH         LINE#         68
  C:0EA4H         LINE#         70
  C:0EAAH         LINE#         71
  C:0EAEH         LINE#         73
  C:0EDAH         LINE#         75
  C:0EE0H         LINE#         76
  C:0EE0H         LINE#         77
  C:0EEBH         LINE#         78
  C:0EEBH         LINE#         79
  C:0F0BH         LINE#         80
  C:0F22H         LINE#         82
  C:0F25H         LINE#         83
  C:0F38H         LINE#         84
  C:0F3EH         LINE#         85
  C:0F3EH         LINE#         87
  C:0F45H         LINE#         88
  C:0F4AH         LINE#         89
  -------         ENDPROC       _PCDANTICOLL
  -------         PROC          _PCDSELECT
  X:006CH         SYMBOL        pSnr
  -------         DO            
  D:0007H         SYMBOL        status
  D:0005H         SYMBOL        i
  X:006FH         SYMBOL        unLen
  X:0071H         SYMBOL        ucComMF522Buf
  -------         ENDDO         
  C:0F4BH         LINE#         96
  C:0F56H         LINE#         97
  C:0F56H         LINE#         103
  C:0F5CH         LINE#         104
  C:0F60H         LINE#         105
  C:0F65H         LINE#         106
  C:0F70H         LINE#         107
  C:0F70H         LINE#         108
  C:0F90H         LINE#         109
  C:0FA4H         LINE#         110
  C:0FA7H         LINE#         111
  C:0FC0H         LINE#         113
  C:0FC3H         LINE#         115
  C:0FECH         LINE#         117
  C:1000H         LINE#         118
  C:1002H         LINE#         120
  C:1004H         LINE#         122
BL51 BANKED LINKER/LOCATER V6.22.2.0                                                  06/27/2024  13:24:14  PAGE 15


  C:1004H         LINE#         123
  -------         ENDPROC       _PCDSELECT
  -------         PROC          _PCDAUTHSTATE
  D:0007H         SYMBOL        auth_mode
  D:0005H         SYMBOL        addr
  X:006EH         SYMBOL        pKey
  X:0071H         SYMBOL        pSnr
  -------         DO            
  X:0074H         SYMBOL        status
  X:0075H         SYMBOL        unLen
  D:0007H         SYMBOL        i
  X:0077H         SYMBOL        ucComMF522Buf
  -------         ENDDO         
  C:1005H         LINE#         135
  C:1010H         LINE#         136
  C:1010H         LINE#         141
  C:1015H         LINE#         142
  C:1018H         LINE#         143
  C:1024H         LINE#         144
  C:1047H         LINE#         145
  C:1053H         LINE#         146
  C:1076H         LINE#         150
  C:10A4H         LINE#         151
  C:10B3H         LINE#         152
  C:10B9H         LINE#         154
  C:10BEH         LINE#         155
  -------         ENDPROC       _PCDAUTHSTATE
  -------         PROC          _PCDREAD
  D:0007H         SYMBOL        addr
  X:006CH         SYMBOL        pData
  -------         DO            
  D:0007H         SYMBOL        status
  X:006FH         SYMBOL        unLen
  D:0006H         SYMBOL        i
  X:0071H         SYMBOL        ucComMF522Buf
  -------         ENDDO         
  C:121EH         LINE#         163
  C:1229H         LINE#         164
  C:1229H         LINE#         169
  C:122FH         LINE#         170
  C:1232H         LINE#         171
  C:1247H         LINE#         173
  C:1270H         LINE#         174
  C:1284H         LINE#         176
  C:1284H         LINE#         177
  C:128FH         LINE#         178
  C:12B2H         LINE#         179
  C:12B2H         LINE#         181
  C:12B4H         LINE#         183
  C:12B4H         LINE#         184
  -------         ENDPROC       _PCDREAD
  -------         PROC          _PCDWRITE
  D:0007H         SYMBOL        addr
  X:006CH         SYMBOL        pData
  -------         DO            
  D:0007H         SYMBOL        status
  X:006FH         SYMBOL        unLen
BL51 BANKED LINKER/LOCATER V6.22.2.0                                                  06/27/2024  13:24:14  PAGE 16


  D:0006H         SYMBOL        i
  X:0071H         SYMBOL        ucComMF522Buf
  -------         ENDDO         
  C:0BB8H         LINE#         192
  C:0BC3H         LINE#         193
  C:0BC3H         LINE#         198
  C:0BC9H         LINE#         199
  C:0BCCH         LINE#         200
  C:0BE5H         LINE#         202
  C:0C0EH         LINE#         204
  C:0C2CH         LINE#         205
  C:0C2EH         LINE#         207
  C:0C39H         LINE#         208
  C:0C39H         LINE#         210
  C:0C44H         LINE#         211
  C:0C67H         LINE#         212
  C:0C80H         LINE#         214
  C:0CA9H         LINE#         215
  C:0CC7H         LINE#         216
  C:0CC9H         LINE#         217
  C:0CC9H         LINE#         219
  C:0CC9H         LINE#         220
  -------         ENDPROC       _PCDWRITE
  -------         PROC          _PCDVALUE
  D:0007H         SYMBOL        dd_mode
  X:009AH         SYMBOL        addr
  X:009BH         SYMBOL        pValue
  -------         DO            
  D:0007H         SYMBOL        status
  X:009EH         SYMBOL        unLen
  D:0006H         SYMBOL        i
  X:00A0H         SYMBOL        ucComMF522Buf
  -------         ENDDO         
  C:0CCAH         LINE#         231
  C:0CDAH         LINE#         232
  C:0CDAH         LINE#         237
  C:0CDFH         LINE#         238
  C:0CE1H         LINE#         239
  C:0CE4H         LINE#         241
  C:0CE7H         LINE#         243
  C:0D05H         LINE#         244
  C:0D07H         LINE#         246
  C:0D0FH         LINE#         247
  C:0D0FH         LINE#         249
  C:0D1AH         LINE#         250
  C:0D3DH         LINE#         251
  C:0D56H         LINE#         252
  C:0D5DH         LINE#         253
  C:0D62H         LINE#         254
  C:0D71H         LINE#         255
  C:0D73H         LINE#         256
  C:0D73H         LINE#         258
  C:0D7BH         LINE#         259
  C:0D7BH         LINE#         260
  C:0D81H         LINE#         261
  C:0D88H         LINE#         262
  C:0D8BH         LINE#         264
BL51 BANKED LINKER/LOCATER V6.22.2.0                                                  06/27/2024  13:24:14  PAGE 17


  C:0D8EH         LINE#         266
  C:0DACH         LINE#         267
  C:0DAEH         LINE#         268
  C:0DAEH         LINE#         269
  C:0DAEH         LINE#         270
  -------         ENDPROC       _PCDVALUE
  -------         PROC          _PCDBAKVALUE
  D:0007H         SYMBOL        sourceaddr
  X:00B2H         SYMBOL        goaladdr
  -------         DO            
  D:0007H         SYMBOL        status
  X:00B3H         SYMBOL        unLen
  X:00B5H         SYMBOL        ucComMF522Buf
  -------         ENDDO         
  C:0A68H         LINE#         278
  C:0A6DH         LINE#         279
  C:0A6DH         LINE#         284
  C:0A73H         LINE#         285
  C:0A76H         LINE#         286
  C:0A8FH         LINE#         288
  C:0AB8H         LINE#         290
  C:0AD6H         LINE#         291
  C:0AD8H         LINE#         293
  C:0AE0H         LINE#         294
  C:0AE0H         LINE#         295
  C:0AE4H         LINE#         296
  C:0AE6H         LINE#         297
  C:0AE8H         LINE#         298
  C:0AEAH         LINE#         299
  C:0B02H         LINE#         301
  C:0B2BH         LINE#         302
  C:0B3AH         LINE#         303
  C:0B3CH         LINE#         304
  C:0B3CH         LINE#         306
  C:0B44H         LINE#         307
  C:0B47H         LINE#         309
  C:0B4DH         LINE#         310
  C:0B55H         LINE#         312
  C:0B6EH         LINE#         314
  C:0B97H         LINE#         316
  C:0BB5H         LINE#         317
  C:0BB7H         LINE#         319
  C:0BB7H         LINE#         320
  -------         ENDPROC       _PCDBAKVALUE
  -------         PROC          PCDHALT
  -------         DO            
  X:006CH         SYMBOL        status
  X:006DH         SYMBOL        unLen
  X:006FH         SYMBOL        ucComMF522Buf
  -------         ENDDO         
  C:1756H         LINE#         327
  C:1756H         LINE#         328
  C:1756H         LINE#         333
  C:175CH         LINE#         334
  C:175FH         LINE#         335
  C:1777H         LINE#         337
  C:17A5H         LINE#         339
BL51 BANKED LINKER/LOCATER V6.22.2.0                                                  06/27/2024  13:24:14  PAGE 18


  C:17A7H         LINE#         340
  -------         ENDPROC       PCDHALT
  C:10D2H         SYMBOL        L?0140
  -------         PROC          L?0139
  -------         ENDPROC       L?0139
  C:10D2H         SYMBOL        L?0140
  -------         PROC          _CALULATECRC
  X:0083H         SYMBOL        pIndata
  X:0086H         SYMBOL        len
  X:0087H         SYMBOL        pOutData
  -------         DO            
  X:008AH         SYMBOL        i
  D:0007H         SYMBOL        n
  -------         ENDDO         
  C:10D6H         LINE#         345
  C:10E4H         LINE#         346
  C:10E4H         LINE#         348
  C:10EBH         LINE#         349
  C:10EEH         LINE#         350
  C:10F5H         LINE#         351
  C:1108H         LINE#         352
  C:1129H         LINE#         353
  C:1130H         LINE#         354
  C:1136H         LINE#         356
  C:1136H         LINE#         357
  C:113BH         LINE#         358
  C:1141H         LINE#         359
  C:1141H         LINE#         360
  C:1148H         LINE#         361
  C:115CH         LINE#         362
  -------         ENDPROC       _CALULATECRC
  -------         PROC          PCDRESET
  C:196AH         LINE#         369
  C:196AH         LINE#         370
  C:196AH         LINE#         372
  C:196CH         LINE#         374
  C:196DH         LINE#         376
  C:196FH         LINE#         378
  C:1970H         LINE#         380
  C:1972H         LINE#         382
  C:1973H         LINE#         384
  C:197AH         LINE#         386
  C:197BH         LINE#         389
  C:1982H         LINE#         390
  C:1989H         LINE#         391
  C:1990H         LINE#         392
  C:1997H         LINE#         393
  C:199EH         LINE#         394
  C:19A5H         LINE#         395
  C:19A7H         LINE#         396
  -------         ENDPROC       PCDRESET
  -------         PROC          L?0145
  -------         ENDPROC       L?0145
  -------         PROC          _READRAWRC
  D:0007H         SYMBOL        Address
  -------         DO            
  D:0005H         SYMBOL        i
BL51 BANKED LINKER/LOCATER V6.22.2.0                                                  06/27/2024  13:24:14  PAGE 19


  D:0007H         SYMBOL        ucAddr
  D:0006H         SYMBOL        ucResult
  -------         ENDDO         
  C:164FH         LINE#         403
  C:164FH         LINE#         404
  C:164FH         LINE#         406
  C:1651H         LINE#         408
  C:1653H         LINE#         409
  C:1655H         LINE#         410
  C:165DH         LINE#         412
  C:1669H         LINE#         413
  C:1669H         LINE#         414
  C:1676H         LINE#         415
  C:1678H         LINE#         416
  C:167CH         LINE#         417
  C:167EH         LINE#         418
  C:1681H         LINE#         420
  C:168DH         LINE#         421
  C:168DH         LINE#         422
  C:168FH         LINE#         423
  C:1693H         LINE#         424
  C:1699H         LINE#         425
  C:169BH         LINE#         426
  C:169EH         LINE#         428
  C:16A0H         LINE#         429
  C:16A2H         LINE#         430
  C:16A4H         LINE#         431
  -------         ENDPROC       _READRAWRC
  C:16A5H         SYMBOL        L?0142
  -------         PROC          L?0141
  -------         ENDPROC       L?0141
  C:16A5H         SYMBOL        L?0142
  -------         PROC          _WRITERAWRC
  D:0007H         SYMBOL        Address
  D:0005H         SYMBOL        value
  -------         DO            
  D:0006H         SYMBOL        i
  D:0007H         SYMBOL        ucAddr
  -------         ENDDO         
  C:16A9H         LINE#         438
  C:16A9H         LINE#         439
  C:16A9H         LINE#         442
  C:16ABH         LINE#         443
  C:16ADH         LINE#         444
  C:16B3H         LINE#         446
  C:16BFH         LINE#         447
  C:16BFH         LINE#         448
  C:16CCH         LINE#         449
  C:16CEH         LINE#         450
  C:16D2H         LINE#         451
  C:16D4H         LINE#         452
  C:16D7H         LINE#         454
  C:16E3H         LINE#         455
  C:16E3H         LINE#         456
  C:16F0H         LINE#         457
  C:16F2H         LINE#         458
  C:16F6H         LINE#         459
BL51 BANKED LINKER/LOCATER V6.22.2.0                                                  06/27/2024  13:24:14  PAGE 20


  C:16F8H         LINE#         460
  C:16FBH         LINE#         461
  C:16FDH         LINE#         462
  C:16FFH         LINE#         463
  -------         ENDPROC       _WRITERAWRC
  -------         PROC          _SETBITMASK
  D:0004H         SYMBOL        reg
  D:0003H         SYMBOL        mask
  -------         DO            
  D:0006H         SYMBOL        tmp
  -------         ENDDO         
  C:1B12H         LINE#         470
  C:1B12H         LINE#         471
  C:1B12H         LINE#         472
  C:1B12H         LINE#         473
  C:1B17H         LINE#         474
  -------         ENDPROC       _SETBITMASK
  C:1AEEH         SYMBOL        L?0144
  -------         PROC          L?0143
  -------         ENDPROC       L?0143
  C:1AEEH         SYMBOL        L?0144
  -------         PROC          _CLEARBITMASK
  D:0004H         SYMBOL        reg
  D:0003H         SYMBOL        mask
  -------         DO            
  D:0006H         SYMBOL        tmp
  -------         ENDDO         
  C:1AF2H         LINE#         482
  C:1AF2H         LINE#         483
  C:1AF2H         LINE#         484
  C:1AF2H         LINE#         485
  C:1AF7H         LINE#         486
  -------         ENDPROC       _CLEARBITMASK
  C:084CH         SYMBOL        L?0137
  C:086CH         SYMBOL        L?0138
  -------         PROC          L?0136
  -------         ENDPROC       L?0136
  C:084CH         SYMBOL        L?0137
  C:086CH         SYMBOL        L?0138
  -------         PROC          _PCDCOMMF522
  X:0089H         SYMBOL        Command
  X:008AH         SYMBOL        pInData
  X:008DH         SYMBOL        InLenByte
  X:008EH         SYMBOL        pOutData
  X:0091H         SYMBOL        pOutLenBit
  -------         DO            
  X:0094H         SYMBOL        status
  X:0095H         SYMBOL        irqEn
  X:0096H         SYMBOL        waitFor
  D:0005H         SYMBOL        lastBits
  X:0097H         SYMBOL        n
  X:0098H         SYMBOL        i
  -------         ENDDO         
  C:0870H         LINE#         497
  C:0880H         LINE#         502
  C:0880H         LINE#         503
  C:0886H         LINE#         504
BL51 BANKED LINKER/LOCATER V6.22.2.0                                                  06/27/2024  13:24:14  PAGE 21


  C:0889H         LINE#         505
  C:088BH         LINE#         509
  C:0894H         LINE#         510
  C:0894H         LINE#         511
  C:0894H         LINE#         512
  C:089AH         LINE#         513
  C:089EH         LINE#         514
  C:08A0H         LINE#         515
  C:08A0H         LINE#         516
  C:08A6H         LINE#         517
  C:08AAH         LINE#         518
  C:08AAH         LINE#         519
  C:08AAH         LINE#         520
  C:08AAH         LINE#         521
  C:08AAH         LINE#         523
  C:08B6H         LINE#         524
  C:08BDH         LINE#         525
  C:08C0H         LINE#         526
  C:08C7H         LINE#         528
  C:08E2H         LINE#         529
  C:090AH         LINE#         530
  C:0914H         LINE#         533
  C:0919H         LINE#         534
  C:0920H         LINE#         536
  C:092AH         LINE#         538
  C:092AH         LINE#         539
  C:0934H         LINE#         540
  C:0942H         LINE#         541
  C:0942H         LINE#         542
  C:095AH         LINE#         543
  C:0961H         LINE#         545
  C:096EH         LINE#         546
  C:096EH         LINE#         547
  C:097BH         LINE#         548
  C:097BH         LINE#         549
  C:097FH         LINE#         550
  C:098AH         LINE#         551
  C:0990H         LINE#         552
  C:099BH         LINE#         553
  C:099BH         LINE#         554
  C:09A5H         LINE#         555
  C:09AEH         LINE#         556
  C:09B0H         LINE#         557
  C:09D6H         LINE#         559
  C:09F1H         LINE#         560
  C:09F7H         LINE#         561
  C:09F9H         LINE#         562
  C:0A06H         LINE#         563
  C:0A09H         LINE#         564
  C:0A23H         LINE#         565
  C:0A52H         LINE#         566
  C:0A52H         LINE#         567
  C:0A52H         LINE#         569
  C:0A58H         LINE#         571
  C:0A58H         LINE#         574
  C:0A5FH         LINE#         575
  C:0A62H         LINE#         576
BL51 BANKED LINKER/LOCATER V6.22.2.0                                                  06/27/2024  13:24:14  PAGE 22


  C:0A67H         LINE#         577
  -------         ENDPROC       _PCDCOMMF522
  -------         PROC          PCDANTENNAON
  -------         DO            
  D:0007H         SYMBOL        i
  -------         ENDDO         
  C:1B00H         LINE#         584
  C:1B00H         LINE#         585
  C:1B00H         LINE#         587
  C:1B05H         LINE#         588
  C:1B0AH         LINE#         589
  C:1B0AH         LINE#         590
  C:1B11H         LINE#         591
  C:1B11H         LINE#         592
  -------         ENDPROC       PCDANTENNAON
  -------         PROC          PCDANTENNAOFF
  C:1B1FH         LINE#         598
  C:1B1FH         LINE#         599
  C:1B1FH         LINE#         600
  -------         ENDPROC       PCDANTENNAOFF
  -------         ENDMOD        RC522

  -------         MODULE        5110_51
  C:0000H         SYMBOL        _ICE_DUMMY_
  D:0080H         PUBLIC        P0
  C:1AB4H         PUBLIC        _LCD_set_XY
  C:19B1H         PUBLIC        _LCD_write_shu
  C:01EEH         PUBLIC        hanzi
  C:1844H         PUBLIC        display_type
  C:0026H         PUBLIC        shuzi_nokia
  B:0080H.4       PUBLIC        sclk
  B:0080H.3       PUBLIC        sdin
  B:0080H.0       PUBLIC        sce
  C:1A14H         PUBLIC        LCD_clear
  B:0080H.2       PUBLIC        dc
  B:0080H.1       PUBLIC        res
  C:14C8H         PUBLIC        _LCD_write_hanzi
  C:1A6BH         PUBLIC        LCD_init
  C:0003H         PUBLIC        _delayms
  C:1815H         PUBLIC        _LCD_write_byte
  -------         PROC          _DELAYMS
  D:0006H         SYMBOL        ii
  -------         DO            
  D:0002H         SYMBOL        i
  D:0004H         SYMBOL        x
  -------         ENDDO         
  C:0003H         LINE#         199
  C:0003H         LINE#         200
  C:0003H         LINE#         202
  C:000DH         LINE#         203
  C:000DH         LINE#         204
  C:001BH         LINE#         205
  C:0022H         LINE#         207
  -------         ENDPROC       _DELAYMS
  C:180EH         SYMBOL        L?0041
  -------         PROC          L?0040
  -------         ENDPROC       L?0040
BL51 BANKED LINKER/LOCATER V6.22.2.0                                                  06/27/2024  13:24:14  PAGE 23


  C:180EH         SYMBOL        L?0041
  -------         PROC          _LCD_WRITE_BYTE
  D:0007H         SYMBOL        dt
  D:0005H         SYMBOL        command
  -------         DO            
  D:0006H         SYMBOL        i
  -------         ENDDO         
  C:1815H         LINE#         215
  C:1815H         LINE#         216
  C:1815H         LINE#         218
  C:1817H         LINE#         219
  C:181CH         LINE#         220
  C:1828H         LINE#         221
  C:1828H         LINE#         222
  C:182CH         LINE#         223
  C:1830H         LINE#         225
  C:1832H         LINE#         226
  C:1836H         LINE#         227
  C:1838H         LINE#         228
  C:183AH         LINE#         229
  C:183DH         LINE#         230
  C:183FH         LINE#         231
  C:1841H         LINE#         232
  C:1843H         LINE#         233
  -------         ENDPROC       _LCD_WRITE_BYTE
  -------         PROC          LCD_INIT
  C:1A6BH         LINE#         238
  C:1A6BH         LINE#         239
  C:1A6BH         LINE#         240
  C:1A6DH         LINE#         241
  C:1A74H         LINE#         242
  C:1A76H         LINE#         243
  C:1A7DH         LINE#         244
  C:1A82H         LINE#         245
  C:1A87H         LINE#         246
  -------         ENDPROC       LCD_INIT
  -------         PROC          L?0043
  -------         ENDPROC       L?0043
  -------         PROC          _LCD_SET_XY
  D:0004H         SYMBOL        X
  D:0005H         SYMBOL        Y
  C:1AB4H         LINE#         253
  C:1AB6H         LINE#         254
  C:1AB6H         LINE#         255
  C:1ABFH         LINE#         256
  -------         ENDPROC       _LCD_SET_XY
  -------         PROC          LCD_CLEAR
  -------         DO            
  D:0004H         SYMBOL        t
  D:0003H         SYMBOL        k
  -------         ENDDO         
  C:1A14H         LINE#         262
  C:1A14H         LINE#         263
  C:1A14H         LINE#         266
  C:1A1AH         LINE#         267
  C:1A26H         LINE#         268
  C:1A26H         LINE#         269
BL51 BANKED LINKER/LOCATER V6.22.2.0                                                  06/27/2024  13:24:14  PAGE 24


  C:1A32H         LINE#         270
  C:1A32H         LINE#         271
  C:1A39H         LINE#         273
  C:1A3CH         LINE#         274
  C:1A3FH         LINE#         275
  -------         ENDPROC       LCD_CLEAR
  -------         PROC          L?0042
  -------         ENDPROC       L?0042
  -------         PROC          _LCD_WRITE_SHU
  D:0001H         SYMBOL        row
  D:0002H         SYMBOL        page
  D:0003H         SYMBOL        c
  -------         DO            
  D:0004H         SYMBOL        i
  -------         ENDDO         
  C:19B1H         LINE#         281
  C:19B1H         LINE#         282
  C:19B1H         LINE#         285
  C:19B4H         LINE#         286
  C:19C0H         LINE#         287
  C:19C0H         LINE#         288
  C:19C3H         LINE#         289
  C:19C6H         LINE#         291
  C:19D2H         LINE#         292
  C:19DEH         LINE#         293
  C:19DEH         LINE#         294
  C:19E1H         LINE#         295
  C:19E4H         LINE#         296
  -------         ENDPROC       _LCD_WRITE_SHU
  -------         PROC          L?0044
  -------         ENDPROC       L?0044
  -------         PROC          _LCD_WRITE_HANZI
  D:0001H         SYMBOL        row
  D:0002H         SYMBOL        page
  D:0003H         SYMBOL        c
  -------         DO            
  D:0004H         SYMBOL        i
  -------         ENDDO         
  C:14C8H         LINE#         302
  C:14C8H         LINE#         303
  C:14C8H         LINE#         306
  C:14CBH         LINE#         307
  C:14D7H         LINE#         308
  C:14D7H         LINE#         309
  C:14F1H         LINE#         310
  C:14F4H         LINE#         312
  C:1500H         LINE#         313
  C:150CH         LINE#         314
  C:150CH         LINE#         315
  C:1526H         LINE#         316
  C:1529H         LINE#         317
  -------         ENDPROC       _LCD_WRITE_HANZI
  -------         PROC          DISPLAY_TYPE
  -------         DO            
  D:0007H         SYMBOL        first
  D:0006H         SYMBOL        second
  -------         ENDDO         
BL51 BANKED LINKER/LOCATER V6.22.2.0                                                  06/27/2024  13:24:14  PAGE 25


  C:1844H         LINE#         319
  C:1844H         LINE#         320
  C:1844H         LINE#         322
  C:1847H         LINE#         323
  C:184FH         LINE#         324
  C:1854H         LINE#         325
  C:1859H         LINE#         326
  C:1861H         LINE#         328
  C:1864H         LINE#         329
  C:1869H         LINE#         330
  C:1870H         LINE#         331
  C:1878H         LINE#         332
  C:187BH         LINE#         333
  C:1880H         LINE#         334
  C:1887H         LINE#         335
  -------         ENDPROC       DISPLAY_TYPE
  -------         ENDMOD        5110_51

  -------         MODULE        ?C?CLDOPTR
  C:13CCH         PUBLIC        ?C?CLDOPTR
  -------         ENDMOD        ?C?CLDOPTR

  -------         MODULE        ?C?CSTPTR
  C:13F9H         PUBLIC        ?C?CSTPTR
  -------         ENDMOD        ?C?CSTPTR

  -------         MODULE        ?C?CSTOPTR
  C:140BH         PUBLIC        ?C?CSTOPTR
  -------         ENDMOD        ?C?CSTOPTR

  -------         MODULE        ?C?ISTPTR
  C:142DH         PUBLIC        ?C?ISTPTR
  -------         ENDMOD        ?C?ISTPTR

*** WARNING L16: UNCALLED SEGMENT, IGNORED FOR OVERLAY PROCESS
    SEGMENT: ?PR?_DELAY1?MAIN

*** WARNING L16: UNCALLED SEGMENT, IGNORED FOR OVERLAY PROCESS
    SEGMENT: ?PR?_PCDVALUE?RC522

*** WARNING L16: UNCALLED SEGMENT, IGNORED FOR OVERLAY PROCESS
    SEGMENT: ?PR?_PCDBAKVALUE?RC522

*** WARNING L16: UNCALLED SEGMENT, IGNORED FOR OVERLAY PROCESS
    SEGMENT: ?PR?DISPLAY_TYPE?5110_51

Program Size: data=9.0 xdata=199 code=6956
LINK/LOCATE RUN COMPLETE.  4 WARNING(S),  0 ERROR(S)
